Archive member included to satisfy reference by file (symbol)

/opt/gcc-arm-none-eabi-9-2019-q4-major/bin/../lib/gcc/arm-none-eabi/9.2.1/thumb/v7e-m/nofp/libgcc.a(_arm_muldf3.o)
                              /tmp/klipper.elf.wTL2v1.ltrans0.ltrans.o (__aeabi_dmul)
/opt/gcc-arm-none-eabi-9-2019-q4-major/bin/../lib/gcc/arm-none-eabi/9.2.1/thumb/v7e-m/nofp/libgcc.a(_arm_mulsf3.o)
                              /tmp/klipper.elf.wTL2v1.ltrans0.ltrans.o (__aeabi_fmul)
/opt/gcc-arm-none-eabi-9-2019-q4-major/bin/../lib/gcc/arm-none-eabi/9.2.1/thumb/v7e-m/nofp/libgcc.a(_arm_addsubdf3.o)
                              /tmp/klipper.elf.wTL2v1.ltrans0.ltrans.o (__aeabi_dsub)
/opt/gcc-arm-none-eabi-9-2019-q4-major/bin/../lib/gcc/arm-none-eabi/9.2.1/thumb/v7e-m/nofp/libgcc.a(_arm_muldivdf3.o)
                              /tmp/klipper.elf.wTL2v1.ltrans0.ltrans.o (__aeabi_ddiv)
/opt/gcc-arm-none-eabi-9-2019-q4-major/bin/../lib/gcc/arm-none-eabi/9.2.1/thumb/v7e-m/nofp/libgcc.a(_arm_cmpdf2.o)
                              /tmp/klipper.elf.wTL2v1.ltrans0.ltrans.o (__aeabi_dcmplt)
/opt/gcc-arm-none-eabi-9-2019-q4-major/bin/../lib/gcc/arm-none-eabi/9.2.1/thumb/v7e-m/nofp/libgcc.a(_arm_fixdfsi.o)
                              /tmp/klipper.elf.wTL2v1.ltrans0.ltrans.o (__aeabi_d2iz)
/opt/gcc-arm-none-eabi-9-2019-q4-major/bin/../lib/gcc/arm-none-eabi/9.2.1/thumb/v7e-m/nofp/libgcc.a(_arm_fixunsdfsi.o)
                              /tmp/klipper.elf.wTL2v1.ltrans0.ltrans.o (__aeabi_d2uiz)
/opt/gcc-arm-none-eabi-9-2019-q4-major/bin/../lib/gcc/arm-none-eabi/9.2.1/thumb/v7e-m/nofp/libgcc.a(_arm_addsubsf3.o)
                              /tmp/klipper.elf.wTL2v1.ltrans0.ltrans.o (__aeabi_fsub)
/opt/gcc-arm-none-eabi-9-2019-q4-major/bin/../lib/gcc/arm-none-eabi/9.2.1/thumb/v7e-m/nofp/libgcc.a(_arm_muldivsf3.o)
                              /tmp/klipper.elf.wTL2v1.ltrans0.ltrans.o (__aeabi_fdiv)
/opt/gcc-arm-none-eabi-9-2019-q4-major/bin/../lib/gcc/arm-none-eabi/9.2.1/thumb/v7e-m/nofp/libgcc.a(_arm_fixunssfsi.o)
                              /tmp/klipper.elf.wTL2v1.ltrans0.ltrans.o (__aeabi_f2uiz)
/opt/gcc-arm-none-eabi-9-2019-q4-major/bin/../lib/gcc/arm-none-eabi/9.2.1/thumb/v7e-m/nofp/libgcc.a(_fixunssfdi.o)
                              /tmp/klipper.elf.wTL2v1.ltrans1.ltrans.o (__aeabi_f2ulz)
/opt/gcc-arm-none-eabi-9-2019-q4-major/bin/../lib/gcc/arm-none-eabi/9.2.1/../../../../arm-none-eabi/lib/thumb/v7e-m/nofp/libg_nano.a(lib_a-exit.o)
                              /opt/gcc-arm-none-eabi-9-2019-q4-major/bin/../lib/gcc/arm-none-eabi/9.2.1/../../../../arm-none-eabi/lib/thumb/v7e-m/nofp/crt0.o (exit)
/opt/gcc-arm-none-eabi-9-2019-q4-major/bin/../lib/gcc/arm-none-eabi/9.2.1/../../../../arm-none-eabi/lib/thumb/v7e-m/nofp/libg_nano.a(lib_a-impure.o)
                              /opt/gcc-arm-none-eabi-9-2019-q4-major/bin/../lib/gcc/arm-none-eabi/9.2.1/../../../../arm-none-eabi/lib/thumb/v7e-m/nofp/libg_nano.a(lib_a-exit.o) (_global_impure_ptr)
/opt/gcc-arm-none-eabi-9-2019-q4-major/bin/../lib/gcc/arm-none-eabi/9.2.1/../../../../arm-none-eabi/lib/thumb/v7e-m/nofp/libg_nano.a(lib_a-init.o)
                              /opt/gcc-arm-none-eabi-9-2019-q4-major/bin/../lib/gcc/arm-none-eabi/9.2.1/../../../../arm-none-eabi/lib/thumb/v7e-m/nofp/crt0.o (__libc_init_array)
/opt/gcc-arm-none-eabi-9-2019-q4-major/bin/../lib/gcc/arm-none-eabi/9.2.1/../../../../arm-none-eabi/lib/thumb/v7e-m/nofp/libg_nano.a(lib_a-memchr.o)
                              /tmp/klipper.elf.wTL2v1.ltrans1.ltrans.o (memchr)
/opt/gcc-arm-none-eabi-9-2019-q4-major/bin/../lib/gcc/arm-none-eabi/9.2.1/../../../../arm-none-eabi/lib/thumb/v7e-m/nofp/libg_nano.a(lib_a-memcpy-stub.o)
                              /tmp/klipper.elf.wTL2v1.ltrans0.ltrans.o (memcpy)
/opt/gcc-arm-none-eabi-9-2019-q4-major/bin/../lib/gcc/arm-none-eabi/9.2.1/../../../../arm-none-eabi/lib/thumb/v7e-m/nofp/libg_nano.a(lib_a-memmove.o)
                              /tmp/klipper.elf.wTL2v1.ltrans1.ltrans.o (memmove)
/opt/gcc-arm-none-eabi-9-2019-q4-major/bin/../lib/gcc/arm-none-eabi/9.2.1/../../../../arm-none-eabi/lib/thumb/v7e-m/nofp/libg_nano.a(lib_a-memset.o)
                              /opt/gcc-arm-none-eabi-9-2019-q4-major/bin/../lib/gcc/arm-none-eabi/9.2.1/../../../../arm-none-eabi/lib/thumb/v7e-m/nofp/crt0.o (memset)
/opt/gcc-arm-none-eabi-9-2019-q4-major/bin/../lib/gcc/arm-none-eabi/9.2.1/../../../../arm-none-eabi/lib/thumb/v7e-m/nofp/libg_nano.a(lib_a-setjmp.o)
                              /tmp/klipper.elf.wTL2v1.ltrans1.ltrans.o (setjmp)
/opt/gcc-arm-none-eabi-9-2019-q4-major/bin/../lib/gcc/arm-none-eabi/9.2.1/../../../../arm-none-eabi/lib/thumb/v7e-m/nofp/libg_nano.a(lib_a-strcmp.o)
                              /tmp/ccuK0qPI.debug.temp.o (strcmp)
/opt/gcc-arm-none-eabi-9-2019-q4-major/bin/../lib/gcc/arm-none-eabi/9.2.1/../../../../arm-none-eabi/lib/thumb/v7e-m/nofp/libnosys.a(_exit.o)
[...]
Memory Configuration

Name             Origin             Length             Attributes
rom              0x0000000008003000 0x0000000000020000 xr
ram              0x0000000020000000 0x0000000000008000 xrw
*default*        0x0000000000000000 0xffffffffffffffff

Linker script and memory map

LOAD /opt/gcc-arm-none-eabi-9-2019-q4-major/bin/../lib/gcc/arm-none-eabi/9.2.1/thumb/v7e-m/nofp/crti.o
LOAD /opt/gcc-arm-none-eabi-9-2019-q4-major/bin/../lib/gcc/arm-none-eabi/9.2.1/thumb/v7e-m/nofp/crtbegin.o
LOAD /opt/gcc-arm-none-eabi-9-2019-q4-major/bin/../lib/gcc/arm-none-eabi/9.2.1/../../../../arm-none-eabi/lib/thumb/v7e-m/nofp/crt0.o
LOAD /tmp/klipper.elf.wTL2v1.ltrans0.ltrans.o
LOAD /tmp/klipper.elf.wTL2v1.ltrans1.ltrans.o
LOAD /tmp/klipper.elf.wTL2v1.ltrans2.ltrans.o
LOAD /tmp/ccGkmlph.debug.temp.o
LOAD /tmp/ccACkfHp.debug.temp.o
LOAD /tmp/cc8MglZx.debug.temp.o
LOAD /tmp/cc2k4ChG.debug.temp.o
LOAD /tmp/ccq0J1zO.debug.temp.o
LOAD /tmp/ccMvUxSW.debug.temp.o
LOAD /tmp/ccwUkab5.debug.temp.o
LOAD /tmp/cc8zyTtd.debug.temp.o
LOAD /tmp/ccMm4JMl.debug.temp.o
LOAD /tmp/ccmK1G5t.debug.temp.o
LOAD /tmp/ccK16KoC.debug.temp.o
LOAD /tmp/ccoA0lIK.debug.temp.o
LOAD /tmp/cc6lns2S.debug.temp.o
LOAD /tmp/ccASs3m1.debug.temp.o
LOAD /tmp/ccIxdLH9.debug.temp.o
LOAD /tmp/ccMJ1D2h.debug.temp.o
LOAD /tmp/ccwp6Hnq.debug.temp.o
LOAD /tmp/ccMovSIy.debug.temp.o
LOAD /tmp/ccqrud4G.debug.temp.o
LOAD /tmp/cc2UGJpP.debug.temp.o
LOAD /tmp/ccs42qLX.debug.temp.o
LOAD /tmp/ccuVGe75.debug.temp.o
LOAD /tmp/ccMpW8se.debug.temp.o
LOAD /tmp/ccY2DyPm.debug.temp.o
LOAD /tmp/ccUqXtcv.debug.temp.o
LOAD /tmp/ccMM3TzD.debug.temp.o
LOAD /tmp/ccoMWoXL.debug.temp.o
LOAD /tmp/cc0gsolU.debug.temp.o
LOAD /tmp/ccsGNSJ2.debug.temp.o
LOAD /tmp/ccgcAS8a.debug.temp.o
LOAD /tmp/cc04xmyj.debug.temp.o
LOAD /tmp/ccYJxkYr.debug.temp.o
LOAD /tmp/ccekMMoA.debug.temp.o
LOAD /tmp/ccuK0qPI.debug.temp.o
LOAD /tmp/cc2ZgvhR.debug.temp.o
START GROUP
LOAD /opt/gcc-arm-none-eabi-9-2019-q4-major/bin/../lib/gcc/arm-none-eabi/9.2.1/thumb/v7e-m/nofp/libgcc.a
LOAD /opt/gcc-arm-none-eabi-9-2019-q4-major/bin/../lib/gcc/arm-none-eabi/9.2.1/../../../../arm-none-eabi/lib/thumb/v7e-m/nofp/libg_nano.a
LOAD /opt/gcc-arm-none-eabi-9-2019-q4-major/bin/../lib/gcc/arm-none-eabi/9.2.1/../../../../arm-none-eabi/lib/thumb/v7e-m/nofp/libc_nano.a
END GROUP
START GROUP
LOAD /opt/gcc-arm-none-eabi-9-2019-q4-major/bin/../lib/gcc/arm-none-eabi/9.2.1/thumb/v7e-m/nofp/libgcc.a
LOAD /opt/gcc-arm-none-eabi-9-2019-q4-major/bin/../lib/gcc/arm-none-eabi/9.2.1/../../../../arm-none-eabi/lib/thumb/v7e-m/nofp/libc_nano.a
LOAD /opt/gcc-arm-none-eabi-9-2019-q4-major/bin/../lib/gcc/arm-none-eabi/9.2.1/../../../../arm-none-eabi/lib/thumb/v7e-m/nofp/libnosys.a
END GROUP
START GROUP
LOAD /opt/gcc-arm-none-eabi-9-2019-q4-major/bin/../lib/gcc/arm-none-eabi/9.2.1/thumb/v7e-m/nofp/libgcc.a
LOAD /opt/gcc-arm-none-eabi-9-2019-q4-major/bin/../lib/gcc/arm-none-eabi/9.2.1/../../../../arm-none-eabi/lib/thumb/v7e-m/nofp/libc_nano.a
LOAD /opt/gcc-arm-none-eabi-9-2019-q4-major/bin/../lib/gcc/arm-none-eabi/9.2.1/../../../../arm-none-eabi/lib/thumb/v7e-m/nofp/libnosys.a
END GROUP
LOAD /opt/gcc-arm-none-eabi-9-2019-q4-major/bin/../lib/gcc/arm-none-eabi/9.2.1/thumb/v7e-m/nofp/crtend.o
LOAD /opt/gcc-arm-none-eabi-9-2019-q4-major/bin/../lib/gcc/arm-none-eabi/9.2.1/thumb/v7e-m/nofp/crtn.o

.text           0x0000000008003000     0x783c
                0x0000000008003000                . = ALIGN (0x4)
                0x0000000008003000                _text_vectortable_start = .
 *(.vector_table)
 .vector_table  0x0000000008003000       0xdc /tmp/klipper.elf.wTL2v1.ltrans0.ltrans.o
                0x0000000008003000                VectorTable
                0x00000000080030dc                _text_vectortable_end = .
                0x0000000008003200                . = (_text_vectortable_start + 0x200)
 *fill*         0x00000000080030dc      0x124 
 *(SV_SECTION)
 SV_SECTION     0x0000000008003200       0x20 /tmp/klipper.elf.wTL2v1.ltrans2.ltrans.o
 *(.text .text.*)
 .text.sys_time_event
                0x0000000008003220       0x40 /tmp/klipper.elf.wTL2v1.ltrans0.ltrans.o
 .text.USART1_IRQHandler
                0x0000000008003260       0x90 /tmp/klipper.elf.wTL2v1.ltrans0.ltrans.o
 .text.gpio_adc_sample
                0x00000000080032f0       0x7c /tmp/klipper.elf.wTL2v1.ltrans0.ltrans.o
 .text.gpio_out_toggle
                0x000000000800336c       0x30 /tmp/klipper.elf.wTL2v1.ltrans0.ltrans.o
 .text.__NVIC_SystemReset
                0x000000000800339c       0x24 /tmp/klipper.elf.wTL2v1.ltrans0.ltrans.o
 .text.command_reset.lto_priv.0
                0x00000000080033c0       0x5c /tmp/klipper.elf.wTL2v1.ltrans0.ltrans.o
                0x00000000080033c0                command_reset.lto_priv.0
 .text.DefaultHandler
                0x000000000800341c        0x4 /tmp/klipper.elf.wTL2v1.ltrans0.ltrans.o
 .text.ResetHandler
                0x0000000008003420       0x14 /tmp/klipper.elf.wTL2v1.ltrans0.ltrans.o
 .text.start_sys_time.part.0
                0x0000000008003434       0x3c /tmp/klipper.elf.wTL2v1.ltrans0.ltrans.o
 .text.command_manual_get_pres.lto_priv.0
                0x0000000008003470       0x7c /tmp/klipper.elf.wTL2v1.ltrans0.ltrans.o
                0x0000000008003470                command_manual_get_pres.lto_priv.0
 .text.command_manual_get_steps.lto_priv.0
                0x00000000080034ec       0x60 /tmp/klipper.elf.wTL2v1.ltrans0.ltrans.o
                0x00000000080034ec                command_manual_get_steps.lto_priv.0
 .text.send_debug_args
                0x000000000800354c       0x30 /tmp/klipper.elf.wTL2v1.ltrans0.ltrans.o
 .text.adxl_report
                0x000000000800357c       0x28 /tmp/klipper.elf.wTL2v1.ltrans0.ltrans.o
 .text.command_spi_set_bus.part.0
                0x00000000080035a4        0x8 /tmp/klipper.elf.wTL2v1.ltrans0.ltrans.o
 .text.reset_handler_stage_two
                0x00000000080035ac      0x228 /tmp/klipper.elf.wTL2v1.ltrans0.ltrans.o
 .text.command_buttons_ack.lto_priv.0
                0x00000000080037d4       0x58 /tmp/klipper.elf.wTL2v1.ltrans0.ltrans.o
                0x00000000080037d4                command_buttons_ack.lto_priv.0
 .text.command_buttons_query.lto_priv.0
                0x000000000800382c       0x4c /tmp/klipper.elf.wTL2v1.ltrans0.ltrans.o
                0x000000000800382c                command_buttons_query.lto_priv.0
 .text.command_query_counter.lto_priv.0
                0x0000000008003878       0x30 /tmp/klipper.elf.wTL2v1.ltrans0.ltrans.o
                0x0000000008003878                command_query_counter.lto_priv.0
 .text.command_neopixel_update.lto_priv.0
                0x00000000080038a8       0x34 /tmp/klipper.elf.wTL2v1.ltrans0.ltrans.o
                0x00000000080038a8                command_neopixel_update.lto_priv.0
 .text.command_tmcuart_send.lto_priv.0
                0x00000000080038dc       0x94 /tmp/klipper.elf.wTL2v1.ltrans0.ltrans.o
                0x00000000080038dc                command_tmcuart_send.lto_priv.0
 .text.command_query_thermocouple.lto_priv.0
                0x0000000008003970       0x3c /tmp/klipper.elf.wTL2v1.ltrans0.ltrans.o
                0x0000000008003970                command_query_thermocouple.lto_priv.0
 .text.command_spi_set_bus.lto_priv.0
                0x00000000080039ac       0x30 /tmp/klipper.elf.wTL2v1.ltrans0.ltrans.o
                0x00000000080039ac                command_spi_set_bus.lto_priv.0
 .text.command_query_hx711s.lto_priv.0
                0x00000000080039dc       0x3c /tmp/klipper.elf.wTL2v1.ltrans0.ltrans.o
                0x00000000080039dc                command_query_hx711s.lto_priv.0
 .text.command_config_buttons.lto_priv.0
                0x0000000008003a18       0x2c /tmp/klipper.elf.wTL2v1.ltrans0.ltrans.o
                0x0000000008003a18                command_config_buttons.lto_priv.0
 .text.command_config_adxl345.lto_priv.0
                0x0000000008003a44       0x2c /tmp/klipper.elf.wTL2v1.ltrans0.ltrans.o
                0x0000000008003a44                command_config_adxl345.lto_priv.0
 .text.command_config_thermocouple.lto_priv.0
                0x0000000008003a70       0x3c /tmp/klipper.elf.wTL2v1.ltrans0.ltrans.o
                0x0000000008003a70                command_config_thermocouple.lto_priv.0
 .text.command_config_spi_shutdown.lto_priv.0
                0x0000000008003aac       0x38 /tmp/klipper.elf.wTL2v1.ltrans0.ltrans.o
                0x0000000008003aac                command_config_spi_shutdown.lto_priv.0
 .text.command_config_spi_without_cs.lto_priv.0
                0x0000000008003ae4       0x10 /tmp/klipper.elf.wTL2v1.ltrans0.ltrans.o
                0x0000000008003ae4                command_config_spi_without_cs.lto_priv.0
 .text.command_config_dirzctl.lto_priv.0
                0x0000000008003af4       0x58 /tmp/klipper.elf.wTL2v1.ltrans0.ltrans.o
                0x0000000008003af4                command_config_dirzctl.lto_priv.0
 .text.adxl345_event
                0x0000000008003b4c       0x1c /tmp/klipper.elf.wTL2v1.ltrans0.ltrans.o
 .text.thermocouple_event
                0x0000000008003b68       0x24 /tmp/klipper.elf.wTL2v1.ltrans0.ltrans.o
 .text.analog_in_event
                0x0000000008003b8c       0xc0 /tmp/klipper.elf.wTL2v1.ltrans0.ltrans.o
 .text.gpio_adc_cancel_sample.constprop.0
                0x0000000008003c4c       0x30 /tmp/klipper.elf.wTL2v1.ltrans0.ltrans.o
                0x0000000008003c4c                gpio_adc_cancel_sample.constprop.0
 .text.command_query_analog_in.lto_priv.0
                0x0000000008003c7c       0x50 /tmp/klipper.elf.wTL2v1.ltrans0.ltrans.o
                0x0000000008003c7c                command_query_analog_in.lto_priv.0
 .text.stop_sys_time.part.0
                0x0000000008003ccc       0x14 /tmp/klipper.elf.wTL2v1.ltrans0.ltrans.o
                0x0000000008003ccc                stop_sys_time.part.0
 .text.command_read_pres_prtouch.lto_priv.0
                0x0000000008003ce0       0x78 /tmp/klipper.elf.wTL2v1.ltrans0.ltrans.o
                0x0000000008003ce0                command_read_pres_prtouch.lto_priv.0
 .text.filter_datas_prtouch.lto_priv.0
                0x0000000008003d58      0x3b4 /tmp/klipper.elf.wTL2v1.ltrans0.ltrans.o
                0x0000000008003d58                filter_datas_prtouch.lto_priv.0
 .text.gpio_in_read.lto_priv.0
                0x000000000800410c       0x24 /tmp/klipper.elf.wTL2v1.ltrans0.ltrans.o
                0x000000000800410c                gpio_in_read.lto_priv.0
 .text.command_read_swap_prtouch.lto_priv.0
                0x0000000008004130       0x30 /tmp/klipper.elf.wTL2v1.ltrans0.ltrans.o
                0x0000000008004130                command_read_swap_prtouch.lto_priv.0
 .text.buttons_event
                0x0000000008004160       0xa0 /tmp/klipper.elf.wTL2v1.ltrans0.ltrans.o
 .text.counter_event
                0x0000000008004200       0x5c /tmp/klipper.elf.wTL2v1.ltrans0.ltrans.o
 .text.gpio_out_write.lto_priv.0
                0x000000000800425c       0x20 /tmp/klipper.elf.wTL2v1.ltrans0.ltrans.o
                0x000000000800425c                gpio_out_write.lto_priv.0
 *fill*         0x000000000800427c        0x4 
 .text.command_start_pres_prtouch.lto_priv.0
                0x0000000008004280      0x114 /tmp/klipper.elf.wTL2v1.ltrans0.ltrans.o
                0x0000000008004280                command_start_pres_prtouch.lto_priv.0
 .text.command_write_swap_prtouch.lto_priv.0
                0x0000000008004394       0x30 /tmp/klipper.elf.wTL2v1.ltrans0.ltrans.o
                0x0000000008004394                command_write_swap_prtouch.lto_priv.0
 *fill*         0x00000000080043c4        0x4 
 .text.read_pres_prtouch.lto_priv.0
                0x00000000080043c8      0x210 /tmp/klipper.elf.wTL2v1.ltrans0.ltrans.o
                0x00000000080043c8                read_pres_prtouch.lto_priv.0
 .text.command_deal_avgs_prtouch.lto_priv.0
                0x00000000080045d8      0x19c /tmp/klipper.elf.wTL2v1.ltrans0.ltrans.o
                0x00000000080045d8                command_deal_avgs_prtouch.lto_priv.0
 .text.deal_dirs_prtouch
                0x0000000008004774       0x54 /tmp/klipper.elf.wTL2v1.ltrans0.ltrans.o
 .text.command_start_step_prtouch.lto_priv.0
                0x00000000080047c8      0x12c /tmp/klipper.elf.wTL2v1.ltrans0.ltrans.o
                0x00000000080047c8                command_start_step_prtouch.lto_priv.0
 *fill*         0x00000000080048f4        0x4 
 .text.command_run_dirzctl.lto_priv.0
                0x00000000080048f8       0xb0 /tmp/klipper.elf.wTL2v1.ltrans0.ltrans.o
                0x00000000080048f8                command_run_dirzctl.lto_priv.0
 .text.gpio_out_toggle_noirq.lto_priv.0
                0x00000000080049a8       0x24 /tmp/klipper.elf.wTL2v1.ltrans0.ltrans.o
                0x00000000080049a8                gpio_out_toggle_noirq.lto_priv.0
 *fill*         0x00000000080049cc        0x4 
 .text.prtouch_event
                0x00000000080049d0      0x23c /tmp/klipper.elf.wTL2v1.ltrans0.ltrans.o
 *fill*         0x0000000008004c0c        0x4 
 .text.SysTick_Handler
                0x0000000008004c10      0x124 /tmp/klipper.elf.wTL2v1.ltrans0.ltrans.o
                0x0000000008004c10                SysTick_Handler
 .text.command_neopixel_send.lto_priv.0
                0x0000000008004d34      0x128 /tmp/klipper.elf.wTL2v1.ltrans0.ltrans.o
                0x0000000008004d34                command_neopixel_send.lto_priv.0
 .text.tmcuart_send_sync_event
                0x0000000008004e5c       0x68 /tmp/klipper.elf.wTL2v1.ltrans0.ltrans.o
 .text.tmcuart_send_event
                0x0000000008004ec4       0x84 /tmp/klipper.elf.wTL2v1.ltrans0.ltrans.o
 .text.dirzctl_event
                0x0000000008004f48       0xa4 /tmp/klipper.elf.wTL2v1.ltrans0.ltrans.o
 .text.gpio_peripheral.lto_priv.0
                0x0000000008004fec      0x110 /tmp/klipper.elf.wTL2v1.ltrans0.ltrans.o
                0x0000000008004fec                gpio_peripheral.lto_priv.0
 .text.gpio_adc_setup
                0x00000000080050fc       0xd8 /tmp/klipper.elf.wTL2v1.ltrans0.ltrans.o
 .text.command_config_analog_in.lto_priv.0
                0x00000000080051d4       0x30 /tmp/klipper.elf.wTL2v1.ltrans0.ltrans.o
                0x00000000080051d4                command_config_analog_in.lto_priv.0
 .text.gpio_in_setup.lto_priv.0
                0x0000000008005204       0x28 /tmp/klipper.elf.wTL2v1.ltrans0.ltrans.o
                0x0000000008005204                gpio_in_setup.lto_priv.0
 .text.command_config_step_prtouch.lto_priv.0
                0x000000000800522c       0x48 /tmp/klipper.elf.wTL2v1.ltrans0.ltrans.o
                0x000000000800522c                command_config_step_prtouch.lto_priv.0
 .text.command_buttons_add.lto_priv.0
                0x0000000008005274       0x30 /tmp/klipper.elf.wTL2v1.ltrans0.ltrans.o
                0x0000000008005274                command_buttons_add.lto_priv.0
 .text.command_config_counter.lto_priv.0
                0x00000000080052a4       0x2c /tmp/klipper.elf.wTL2v1.ltrans0.ltrans.o
                0x00000000080052a4                command_config_counter.lto_priv.0
 .text.gpio_out_reset
                0x00000000080052d0       0x38 /tmp/klipper.elf.wTL2v1.ltrans0.ltrans.o
 .text.gpio_out_setup.lto_priv.0
                0x0000000008005308       0x18 /tmp/klipper.elf.wTL2v1.ltrans0.ltrans.o
                0x0000000008005308                gpio_out_setup.lto_priv.0
 .text.command_add_pres_prtouch.lto_priv.0
                0x0000000008005320       0x50 /tmp/klipper.elf.wTL2v1.ltrans0.ltrans.o
                0x0000000008005320                command_add_pres_prtouch.lto_priv.0
 .text.command_config_pres_prtouch.lto_priv.0
                0x0000000008005370       0x50 /tmp/klipper.elf.wTL2v1.ltrans0.ltrans.o
                0x0000000008005370                command_config_pres_prtouch.lto_priv.0
 .text.command_add_step_prtouch.lto_priv.0
                0x00000000080053c0       0x58 /tmp/klipper.elf.wTL2v1.ltrans0.ltrans.o
                0x00000000080053c0                command_add_step_prtouch.lto_priv.0
 .text.command_config_neopixel.lto_priv.0
                0x0000000008005418       0x3c /tmp/klipper.elf.wTL2v1.ltrans0.ltrans.o
                0x0000000008005418                command_config_neopixel.lto_priv.0
 .text.command_config_tmcuart.lto_priv.0
                0x0000000008005454       0x54 /tmp/klipper.elf.wTL2v1.ltrans0.ltrans.o
                0x0000000008005454                command_config_tmcuart.lto_priv.0
 .text.command_config_spi.lto_priv.0
                0x00000000080054a8       0x38 /tmp/klipper.elf.wTL2v1.ltrans0.ltrans.o
                0x00000000080054a8                command_config_spi.lto_priv.0
 .text.command_spi_set_software_bus.lto_priv.0
                0x00000000080054e0       0x5c /tmp/klipper.elf.wTL2v1.ltrans0.ltrans.o
                0x00000000080054e0                command_spi_set_software_bus.lto_priv.0
 .text.command_add_dirzctl.lto_priv.0
                0x000000000800553c       0x90 /tmp/klipper.elf.wTL2v1.ltrans0.ltrans.o
                0x000000000800553c                command_add_dirzctl.lto_priv.0
 .text.command_add_hx711s.lto_priv.0
                0x00000000080055cc       0x5c /tmp/klipper.elf.wTL2v1.ltrans0.ltrans.o
                0x00000000080055cc                command_add_hx711s.lto_priv.0
 .text.crc16_ccitt.lto_priv.0
                0x0000000008005628       0x38 /tmp/klipper.elf.wTL2v1.ltrans0.ltrans.o
                0x0000000008005628                crc16_ccitt.lto_priv.0
 .text.tmcuart_reset_line.isra.0.lto_priv.0
                0x0000000008005660       0x34 /tmp/klipper.elf.wTL2v1.ltrans0.ltrans.o
                0x0000000008005660                tmcuart_reset_line.isra.0.lto_priv.0
 .text.tmcuart_read_event
                0x0000000008005694       0x64 /tmp/klipper.elf.wTL2v1.ltrans0.ltrans.o
 .text.tmcuart_read_sync_event
                0x00000000080056f8       0x68 /tmp/klipper.elf.wTL2v1.ltrans0.ltrans.o
 .text.tmcuart_send_finish_event
                0x0000000008005760       0x60 /tmp/klipper.elf.wTL2v1.ltrans0.ltrans.o
 .text.thermocouple_respond.lto_priv.0
                0x00000000080057c0       0x58 /tmp/klipper.elf.wTL2v1.ltrans0.ltrans.o
                0x00000000080057c0                thermocouple_respond.lto_priv.0
 .text.spidev_transfer.lto_priv.0
                0x0000000008005818      0x120 /tmp/klipper.elf.wTL2v1.ltrans0.ltrans.o
                0x0000000008005818                spidev_transfer.lto_priv.0
 .text.command_query_adxl345_status.lto_priv.0
                0x0000000008005938       0x58 /tmp/klipper.elf.wTL2v1.ltrans0.ltrans.o
                0x0000000008005938                command_query_adxl345_status.lto_priv.0
 .text.adxl_query.lto_priv.0
                0x0000000008005990      0x12c /tmp/klipper.elf.wTL2v1.ltrans0.ltrans.o
                0x0000000008005990                adxl_query.lto_priv.0
 .text.command_query_adxl345.lto_priv.0
                0x0000000008005abc       0xd0 /tmp/klipper.elf.wTL2v1.ltrans0.ltrans.o
                0x0000000008005abc                command_query_adxl345.lto_priv.0
 .text.command_spi_send.lto_priv.0
                0x0000000008005b8c       0x20 /tmp/klipper.elf.wTL2v1.ltrans0.ltrans.o
                0x0000000008005b8c                command_spi_send.lto_priv.0
 .text.command_spi_transfer.lto_priv.0
                0x0000000008005bac       0x34 /tmp/klipper.elf.wTL2v1.ltrans0.ltrans.o
                0x0000000008005bac                command_spi_transfer.lto_priv.0
 .text.command_debug_nop
                0x0000000008005be0        0x4 /tmp/klipper.elf.wTL2v1.ltrans1.ltrans.o
 .text.command_debug_write
                0x0000000008005be4       0x3c /tmp/klipper.elf.wTL2v1.ltrans1.ltrans.o
 .text.oid_next
                0x0000000008005c20       0x40 /tmp/klipper.elf.wTL2v1.ltrans1.ltrans.o
 .text.move_free
                0x0000000008005c60       0x20 /tmp/klipper.elf.wTL2v1.ltrans1.ltrans.o
 .text.hx711s_sample_event
                0x0000000008005c80       0x20 /tmp/klipper.elf.wTL2v1.ltrans1.ltrans.o
 .text.trsync_do_trigger.part.0
                0x0000000008005ca0       0x30 /tmp/klipper.elf.wTL2v1.ltrans1.ltrans.o
 .text.trsync_expire_event
                0x0000000008005cd0       0x20 /tmp/klipper.elf.wTL2v1.ltrans1.ltrans.o
 .text.trsync_report_event
                0x0000000008005cf0       0x28 /tmp/klipper.elf.wTL2v1.ltrans1.ltrans.o
 .text.fancheck_period_event
                0x0000000008005d18       0x20 /tmp/klipper.elf.wTL2v1.ltrans1.ltrans.o
 .text.trsync_clear
                0x0000000008005d38       0x30 /tmp/klipper.elf.wTL2v1.ltrans1.ltrans.o
 .text.endstop_oversample_event
                0x0000000008005d68       0x80 /tmp/klipper.elf.wTL2v1.ltrans1.ltrans.o
 .text.endstop_event
                0x0000000008005de8       0x40 /tmp/klipper.elf.wTL2v1.ltrans1.ltrans.o
 .text.command_set_digital_out
                0x0000000008005e28        0x8 /tmp/klipper.elf.wTL2v1.ltrans1.ltrans.o
 .text.stepper_stop
                0x0000000008005e30       0x74 /tmp/klipper.elf.wTL2v1.ltrans1.ltrans.o
 .text.digital_toggle_event
                0x0000000008005ea4       0x44 /tmp/klipper.elf.wTL2v1.ltrans1.ltrans.o
 .text.stepper_load_next.lto_priv.0
                0x0000000008005ee8       0x6c /tmp/klipper.elf.wTL2v1.ltrans1.ltrans.o
                0x0000000008005ee8                stepper_load_next.lto_priv.0
 .text.sched_shutdown.lto_priv.0
                0x0000000008005f54       0x10 /tmp/klipper.elf.wTL2v1.ltrans1.ltrans.o
                0x0000000008005f54                sched_shutdown.lto_priv.0
 .text.stepper_event_full
                0x0000000008005f64       0x64 /tmp/klipper.elf.wTL2v1.ltrans1.ltrans.o
 .text.digital_load_event
                0x0000000008005fc8      0x114 /tmp/klipper.elf.wTL2v1.ltrans1.ltrans.o
 .text.move_queue_setup.part.0
                0x00000000080060dc        0x8 /tmp/klipper.elf.wTL2v1.ltrans1.ltrans.o
 .text.command_clear_shutdown
                0x00000000080060e4       0x1c /tmp/klipper.elf.wTL2v1.ltrans1.ltrans.o
 .text.command_emergency_stop
                0x0000000008006100        0x8 /tmp/klipper.elf.wTL2v1.ltrans1.ltrans.o
 .text.oid_lookup.lto_priv.0
                0x0000000008006108       0x2c /tmp/klipper.elf.wTL2v1.ltrans1.ltrans.o
                0x0000000008006108                oid_lookup.lto_priv.0
 .text.command_trsync_set_timeout
                0x0000000008006134       0x38 /tmp/klipper.elf.wTL2v1.ltrans1.ltrans.o
 .text.command_trsync_start
                0x000000000800616c       0x44 /tmp/klipper.elf.wTL2v1.ltrans1.ltrans.o
 .text.command_endstop_home
                0x00000000080061b0       0x6c /tmp/klipper.elf.wTL2v1.ltrans1.ltrans.o
 .text.command_stepper_stop_on_trigger
                0x000000000800621c       0x48 /tmp/klipper.elf.wTL2v1.ltrans1.ltrans.o
 .text.command_reset_step_clock
                0x0000000008006264       0x34 /tmp/klipper.elf.wTL2v1.ltrans1.ltrans.o
 .text.command_set_next_step_dir
                0x0000000008006298       0x30 /tmp/klipper.elf.wTL2v1.ltrans1.ltrans.o
 .text.command_update_digital_out
                0x00000000080062c8       0x84 /tmp/klipper.elf.wTL2v1.ltrans1.ltrans.o
 .text.command_set_digital_out_pwm_cycle
                0x000000000800634c       0x24 /tmp/klipper.elf.wTL2v1.ltrans1.ltrans.o
 .text.command_query_fancheck
                0x0000000008006370       0x4c /tmp/klipper.elf.wTL2v1.ltrans1.ltrans.o
 .text.move_alloc
                0x00000000080063bc       0x3c /tmp/klipper.elf.wTL2v1.ltrans1.ltrans.o
 .text.command_queue_step
                0x00000000080063f8       0xa4 /tmp/klipper.elf.wTL2v1.ltrans1.ltrans.o
 .text.command_queue_digital_out
                0x000000000800649c       0x80 /tmp/klipper.elf.wTL2v1.ltrans1.ltrans.o
 .text.alloc_chunk.lto_priv.0
                0x000000000800651c       0x34 /tmp/klipper.elf.wTL2v1.ltrans1.ltrans.o
                0x000000000800651c                alloc_chunk.lto_priv.0
 .text.command_allocate_oids
                0x0000000008006550       0x28 /tmp/klipper.elf.wTL2v1.ltrans1.ltrans.o
 .text.oid_alloc.lto_priv.0
                0x0000000008006578       0x44 /tmp/klipper.elf.wTL2v1.ltrans1.ltrans.o
                0x0000000008006578                oid_alloc.lto_priv.0
 .text.command_config_trsync
                0x00000000080065bc       0x24 /tmp/klipper.elf.wTL2v1.ltrans1.ltrans.o
 .text.command_config_endstop
                0x00000000080065e0       0x24 /tmp/klipper.elf.wTL2v1.ltrans1.ltrans.o
 .text.command_config_stepper
                0x0000000008006604       0x80 /tmp/klipper.elf.wTL2v1.ltrans1.ltrans.o
 .text.command_config_digital_out
                0x0000000008006684       0x64 /tmp/klipper.elf.wTL2v1.ltrans1.ltrans.o
 .text.command_config_fancheck
                0x00000000080066e8       0x68 /tmp/klipper.elf.wTL2v1.ltrans1.ltrans.o
 .text.command_sendf.lto_priv.0
                0x0000000008006750      0x220 /tmp/klipper.elf.wTL2v1.ltrans1.ltrans.o
                0x0000000008006750                command_sendf.lto_priv.0
 .text.command_config_hx711s.lto_priv.0
                0x0000000008006970       0x54 /tmp/klipper.elf.wTL2v1.ltrans1.ltrans.o
                0x0000000008006970                command_config_hx711s.lto_priv.0
 .text.command_trsync_trigger
                0x00000000080069c4       0x64 /tmp/klipper.elf.wTL2v1.ltrans1.ltrans.o
 .text.command_endstop_query_state
                0x0000000008006a28       0x3c /tmp/klipper.elf.wTL2v1.ltrans1.ltrans.o
 .text.command_stepper_get_position
                0x0000000008006a64       0x44 /tmp/klipper.elf.wTL2v1.ltrans1.ltrans.o
 .text.command_debug_ping
                0x0000000008006aa8       0x10 /tmp/klipper.elf.wTL2v1.ltrans1.ltrans.o
 .text.command_debug_read
                0x0000000008006ab8       0x40 /tmp/klipper.elf.wTL2v1.ltrans1.ltrans.o
 .text.command_identify
                0x0000000008006af8       0x3c /tmp/klipper.elf.wTL2v1.ltrans1.ltrans.o
 .text.command_get_uptime
                0x0000000008006b34       0x2c /tmp/klipper.elf.wTL2v1.ltrans1.ltrans.o
 .text.command_get_clock
                0x0000000008006b60       0x14 /tmp/klipper.elf.wTL2v1.ltrans1.ltrans.o
 .text.command_get_config
                0x0000000008006b74       0x3c /tmp/klipper.elf.wTL2v1.ltrans1.ltrans.o
 .text.move_reset
                0x0000000008006bb0       0x68 /tmp/klipper.elf.wTL2v1.ltrans1.ltrans.o
 .text.command_finalize_config
                0x0000000008006c18       0x80 /tmp/klipper.elf.wTL2v1.ltrans1.ltrans.o
 .text.run_tasks
                0x0000000008006c98     0x1294 /tmp/klipper.elf.wTL2v1.ltrans1.ltrans.o
 .text.sched_main.lto_priv.0
                0x0000000008007f2c      0x400 /tmp/klipper.elf.wTL2v1.ltrans1.ltrans.o
                0x0000000008007f2c                sched_main.lto_priv.0
 .text.deleted_event.lto_priv.0
                0x000000000800832c        0x4 /tmp/klipper.elf.wTL2v1.ltrans2.ltrans.o
                0x000000000800832c                deleted_event.lto_priv.0
 .text.periodic_event.lto_priv.0
                0x0000000008008330       0x34 /tmp/klipper.elf.wTL2v1.ltrans2.ltrans.o
                0x0000000008008330                periodic_event.lto_priv.0
 .text.sentinel_event.lto_priv.0
                0x0000000008008364        0x8 /tmp/klipper.elf.wTL2v1.ltrans2.ltrans.o
                0x0000000008008364                sentinel_event.lto_priv.0
 .text.sched_check_wake.lto_priv.0
                0x000000000800836c       0x10 /tmp/klipper.elf.wTL2v1.ltrans2.ltrans.o
                0x000000000800836c                sched_check_wake.lto_priv.0
 .text.sched_wake_task.lto_priv.0
                0x000000000800837c       0x10 /tmp/klipper.elf.wTL2v1.ltrans2.ltrans.o
                0x000000000800837c                sched_wake_task.lto_priv.0
 .text.sched_del_timer.lto_priv.0
                0x000000000800838c       0x50 /tmp/klipper.elf.wTL2v1.ltrans2.ltrans.o
                0x000000000800838c                sched_del_timer.lto_priv.0
 .text.sched_add_timer.lto_priv.0
                0x00000000080083dc       0x90 /tmp/klipper.elf.wTL2v1.ltrans2.ltrans.o
                0x00000000080083dc                sched_add_timer.lto_priv.0
 .text          0x000000000800846c      0x378 /opt/gcc-arm-none-eabi-9-2019-q4-major/bin/../lib/gcc/arm-none-eabi/9.2.1/thumb/v7e-m/nofp/libgcc.a(_arm_addsubdf3.o)
                0x000000000800846c                __aeabi_drsub
                0x0000000008008474                __aeabi_dsub
                0x0000000008008474                __subdf3
                0x0000000008008478                __adddf3
                0x0000000008008478                __aeabi_dadd
                0x00000000080086f0                __aeabi_ui2d
                0x00000000080086f0                __floatunsidf
                0x0000000008008710                __floatsidf
                0x0000000008008710                __aeabi_i2d
                0x0000000008008734                __extendsfdf2
                0x0000000008008734                __aeabi_f2d
                0x0000000008008778                __aeabi_ul2d
                0x0000000008008778                __floatundidf
                0x0000000008008788                __floatdidf
                0x0000000008008788                __aeabi_l2d
 .text          0x00000000080087e4      0x424 /opt/gcc-arm-none-eabi-9-2019-q4-major/bin/../lib/gcc/arm-none-eabi/9.2.1/thumb/v7e-m/nofp/libgcc.a(_arm_muldivdf3.o)
                0x00000000080087e4                __aeabi_dmul
                0x00000000080087e4                __muldf3
                0x0000000008008a38                __aeabi_ddiv
                0x0000000008008a38                __divdf3
 .text          0x0000000008008c08      0x110 /opt/gcc-arm-none-eabi-9-2019-q4-major/bin/../lib/gcc/arm-none-eabi/9.2.1/thumb/v7e-m/nofp/libgcc.a(_arm_cmpdf2.o)
                0x0000000008008c08                __gtdf2
                0x0000000008008c08                __gedf2
                0x0000000008008c10                __ltdf2
                0x0000000008008c10                __ledf2
                0x0000000008008c18                __cmpdf2
                0x0000000008008c18                __eqdf2
                0x0000000008008c18                __nedf2
                0x0000000008008c94                __aeabi_cdrcmple
                0x0000000008008ca4                __aeabi_cdcmple
                0x0000000008008ca4                __aeabi_cdcmpeq
                0x0000000008008cb4                __aeabi_dcmpeq
                0x0000000008008cc8                __aeabi_dcmplt
                0x0000000008008cdc                __aeabi_dcmple
                0x0000000008008cf0                __aeabi_dcmpge
                0x0000000008008d04                __aeabi_dcmpgt
 .text          0x0000000008008d18       0x50 /opt/gcc-arm-none-eabi-9-2019-q4-major/bin/../lib/gcc/arm-none-eabi/9.2.1/thumb/v7e-m/nofp/libgcc.a(_arm_fixdfsi.o)
                0x0000000008008d18                __fixdfsi
                0x0000000008008d18                __aeabi_d2iz
 .text          0x0000000008008d68       0x40 /opt/gcc-arm-none-eabi-9-2019-q4-major/bin/../lib/gcc/arm-none-eabi/9.2.1/thumb/v7e-m/nofp/libgcc.a(_arm_fixunsdfsi.o)
                0x0000000008008d68                __fixunsdfsi
                0x0000000008008d68                __aeabi_d2uiz
 .text          0x0000000008008da8      0x21c /opt/gcc-arm-none-eabi-9-2019-q4-major/bin/../lib/gcc/arm-none-eabi/9.2.1/thumb/v7e-m/nofp/libgcc.a(_arm_addsubsf3.o)
                0x0000000008008da8                __aeabi_frsub
                0x0000000008008db0                __subsf3
                0x0000000008008db0                __aeabi_fsub
                0x0000000008008db4                __aeabi_fadd
                0x0000000008008db4                __addsf3
                0x0000000008008f14                __aeabi_ui2f
                0x0000000008008f14                __floatunsisf
                0x0000000008008f1c                __aeabi_i2f
                0x0000000008008f1c                __floatsisf
                0x0000000008008f38                __floatundisf
                0x0000000008008f38                __aeabi_ul2f
                0x0000000008008f48                __floatdisf
                0x0000000008008f48                __aeabi_l2f
 .text          0x0000000008008fc4      0x2a0 /opt/gcc-arm-none-eabi-9-2019-q4-major/bin/../lib/gcc/arm-none-eabi/9.2.1/thumb/v7e-m/nofp/libgcc.a(_arm_muldivsf3.o)
                0x0000000008008fc4                __mulsf3
                0x0000000008008fc4                __aeabi_fmul
                0x000000000800912c                __divsf3
                0x000000000800912c                __aeabi_fdiv
 .text          0x0000000008009264       0x40 /opt/gcc-arm-none-eabi-9-2019-q4-major/bin/../lib/gcc/arm-none-eabi/9.2.1/thumb/v7e-m/nofp/libgcc.a(_arm_fixunssfsi.o)
                0x0000000008009264                __aeabi_f2uiz
                0x0000000008009264                __fixunssfsi
 .text          0x00000000080092a4       0x40 /opt/gcc-arm-none-eabi-9-2019-q4-major/bin/../lib/gcc/arm-none-eabi/9.2.1/thumb/v7e-m/nofp/libgcc.a(_fixunssfdi.o)
                0x00000000080092a4                __aeabi_f2ulz
                0x00000000080092a4                __fixunssfdi
 *fill*         0x00000000080092e4        0xc 
 .text          0x00000000080092f0       0xa0 /opt/gcc-arm-none-eabi-9-2019-q4-major/bin/../lib/gcc/arm-none-eabi/9.2.1/../../../../arm-none-eabi/lib/thumb/v7e-m/nofp/libg_nano.a(lib_a-memchr.o)
                0x00000000080092f0                memchr
 .text.memcpy   0x0000000008009390       0x1c /opt/gcc-arm-none-eabi-9-2019-q4-major/bin/../lib/gcc/arm-none-eabi/9.2.1/../../../../arm-none-eabi/lib/thumb/v7e-m/nofp/libg_nano.a(lib_a-memcpy-stub.o)
                0x0000000008009390                memcpy
 .text.memmove  0x00000000080093ac       0x34 /opt/gcc-arm-none-eabi-9-2019-q4-major/bin/../lib/gcc/arm-none-eabi/9.2.1/../../../../arm-none-eabi/lib/thumb/v7e-m/nofp/libg_nano.a(lib_a-memmove.o)
                0x00000000080093ac                memmove
 .text.memset   0x00000000080093e0       0x10 /opt/gcc-arm-none-eabi-9-2019-q4-major/bin/../lib/gcc/arm-none-eabi/9.2.1/../../../../arm-none-eabi/lib/thumb/v7e-m/nofp/libg_nano.a(lib_a-memset.o)
                0x00000000080093e0                memset
 .text          0x00000000080093f0       0x1c /opt/gcc-arm-none-eabi-9-2019-q4-major/bin/../lib/gcc/arm-none-eabi/9.2.1/../../../../arm-none-eabi/lib/thumb/v7e-m/nofp/libg_nano.a(lib_a-setjmp.o)
                0x00000000080093f0                setjmp
                0x00000000080093fc                longjmp
 *(.rodata .rodata*)
 .rodata        0x000000000800940c        0x9 /tmp/klipper.elf.wTL2v1.ltrans0.ltrans.o
 *fill*         0x0000000008009415        0x3 
 .rodata.adc_pin
                0x0000000008009418       0x11 /tmp/klipper.elf.wTL2v1.ltrans0.ltrans.o
 *fill*         0x0000000008009429        0x3 
 .rodata.command_encoder_0.lto_priv.0
                0x000000000800942c        0x8 /tmp/klipper.elf.wTL2v1.ltrans0.ltrans.o
                0x000000000800942c                command_encoder_0.lto_priv.0
 .rodata.command_encoder_100.lto_priv.0
                0x0000000008009434        0x8 /tmp/klipper.elf.wTL2v1.ltrans0.ltrans.o
                0x0000000008009434                command_encoder_100.lto_priv.0
 .rodata.command_encoder_101.lto_priv.0
                0x000000000800943c        0x8 /tmp/klipper.elf.wTL2v1.ltrans0.ltrans.o
                0x000000000800943c                command_encoder_101.lto_priv.0
 .rodata.command_encoder_102.lto_priv.0
                0x0000000008009444        0x8 /tmp/klipper.elf.wTL2v1.ltrans0.ltrans.o
                0x0000000008009444                command_encoder_102.lto_priv.0
 .rodata.command_encoder_103.lto_priv.0
                0x000000000800944c        0x8 /tmp/klipper.elf.wTL2v1.ltrans0.ltrans.o
                0x000000000800944c                command_encoder_103.lto_priv.0
 .rodata.command_encoder_104.lto_priv.0
                0x0000000008009454        0x8 /tmp/klipper.elf.wTL2v1.ltrans0.ltrans.o
                0x0000000008009454                command_encoder_104.lto_priv.0
 .rodata.command_encoder_105.lto_priv.0
                0x000000000800945c        0x8 /tmp/klipper.elf.wTL2v1.ltrans0.ltrans.o
                0x000000000800945c                command_encoder_105.lto_priv.0
 .rodata.command_encoder_106.lto_priv.0
                0x0000000008009464        0x8 /tmp/klipper.elf.wTL2v1.ltrans0.ltrans.o
                0x0000000008009464                command_encoder_106.lto_priv.0
 .rodata.command_encoder_107.lto_priv.0
                0x000000000800946c        0x8 /tmp/klipper.elf.wTL2v1.ltrans0.ltrans.o
                0x000000000800946c                command_encoder_107.lto_priv.0
 .rodata.command_encoder_108.lto_priv.0
                0x0000000008009474        0x8 /tmp/klipper.elf.wTL2v1.ltrans0.ltrans.o
                0x0000000008009474                command_encoder_108.lto_priv.0
 .rodata.command_encoder_109.lto_priv.0
                0x000000000800947c        0x8 /tmp/klipper.elf.wTL2v1.ltrans0.ltrans.o
                0x000000000800947c                command_encoder_109.lto_priv.0
 .rodata.command_encoder_110.lto_priv.0
                0x0000000008009484        0x8 /tmp/klipper.elf.wTL2v1.ltrans0.ltrans.o
                0x0000000008009484                command_encoder_110.lto_priv.0
 .rodata.command_encoder_111.lto_priv.0
                0x000000000800948c        0x8 /tmp/klipper.elf.wTL2v1.ltrans0.ltrans.o
                0x000000000800948c                command_encoder_111.lto_priv.0
 .rodata.command_encoder_112.lto_priv.0
                0x0000000008009494        0x8 /tmp/klipper.elf.wTL2v1.ltrans0.ltrans.o
                0x0000000008009494                command_encoder_112.lto_priv.0
 .rodata.command_encoder_113.lto_priv.0
                0x000000000800949c        0x8 /tmp/klipper.elf.wTL2v1.ltrans0.ltrans.o
                0x000000000800949c                command_encoder_113.lto_priv.0
 .rodata.command_encoder_77.lto_priv.0
                0x00000000080094a4        0x8 /tmp/klipper.elf.wTL2v1.ltrans0.ltrans.o
                0x00000000080094a4                command_encoder_77.lto_priv.0
 .rodata.command_encoder_78.lto_priv.0
                0x00000000080094ac        0x8 /tmp/klipper.elf.wTL2v1.ltrans0.ltrans.o
                0x00000000080094ac                command_encoder_78.lto_priv.0
 .rodata.command_encoder_79.lto_priv.0
                0x00000000080094b4        0x8 /tmp/klipper.elf.wTL2v1.ltrans0.ltrans.o
                0x00000000080094b4                command_encoder_79.lto_priv.0
 .rodata.command_encoder_81.lto_priv.0
                0x00000000080094bc        0x8 /tmp/klipper.elf.wTL2v1.ltrans0.ltrans.o
                0x00000000080094bc                command_encoder_81.lto_priv.0
 .rodata.command_encoder_82.lto_priv.0
                0x00000000080094c4        0x8 /tmp/klipper.elf.wTL2v1.ltrans0.ltrans.o
                0x00000000080094c4                command_encoder_82.lto_priv.0
 .rodata.command_encoder_83.lto_priv.0
                0x00000000080094cc        0x8 /tmp/klipper.elf.wTL2v1.ltrans0.ltrans.o
                0x00000000080094cc                command_encoder_83.lto_priv.0
 .rodata.command_encoder_84.lto_priv.0
                0x00000000080094d4        0x8 /tmp/klipper.elf.wTL2v1.ltrans0.ltrans.o
                0x00000000080094d4                command_encoder_84.lto_priv.0
 .rodata.command_encoder_86.lto_priv.0
                0x00000000080094dc        0x8 /tmp/klipper.elf.wTL2v1.ltrans0.ltrans.o
                0x00000000080094dc                command_encoder_86.lto_priv.0
 .rodata.command_encoder_87.lto_priv.0
                0x00000000080094e4        0x8 /tmp/klipper.elf.wTL2v1.ltrans0.ltrans.o
                0x00000000080094e4                command_encoder_87.lto_priv.0
 .rodata.command_encoder_88.lto_priv.0
                0x00000000080094ec        0x8 /tmp/klipper.elf.wTL2v1.ltrans0.ltrans.o
                0x00000000080094ec                command_encoder_88.lto_priv.0
 .rodata.command_encoder_89.lto_priv.0
                0x00000000080094f4        0x8 /tmp/klipper.elf.wTL2v1.ltrans0.ltrans.o
                0x00000000080094f4                command_encoder_89.lto_priv.0
 .rodata.command_encoder_90.lto_priv.0
                0x00000000080094fc        0x8 /tmp/klipper.elf.wTL2v1.ltrans0.ltrans.o
                0x00000000080094fc                command_encoder_90.lto_priv.0
 .rodata.command_encoder_91.lto_priv.0
                0x0000000008009504        0x8 /tmp/klipper.elf.wTL2v1.ltrans0.ltrans.o
                0x0000000008009504                command_encoder_91.lto_priv.0
 .rodata.command_encoder_92.lto_priv.0
                0x000000000800950c        0x8 /tmp/klipper.elf.wTL2v1.ltrans0.ltrans.o
                0x000000000800950c                command_encoder_92.lto_priv.0
 .rodata.command_encoder_93.lto_priv.0
                0x0000000008009514        0x8 /tmp/klipper.elf.wTL2v1.ltrans0.ltrans.o
                0x0000000008009514                command_encoder_93.lto_priv.0
 .rodata.command_encoder_94.lto_priv.0
                0x000000000800951c        0x8 /tmp/klipper.elf.wTL2v1.ltrans0.ltrans.o
                0x000000000800951c                command_encoder_94.lto_priv.0
 .rodata.command_encoder_95.lto_priv.0
                0x0000000008009524        0x8 /tmp/klipper.elf.wTL2v1.ltrans0.ltrans.o
                0x0000000008009524                command_encoder_95.lto_priv.0
 .rodata.command_encoder_96.lto_priv.0
                0x000000000800952c        0x8 /tmp/klipper.elf.wTL2v1.ltrans0.ltrans.o
                0x000000000800952c                command_encoder_96.lto_priv.0
 .rodata.command_encoder_97.lto_priv.0
                0x0000000008009534        0x8 /tmp/klipper.elf.wTL2v1.ltrans0.ltrans.o
                0x0000000008009534                command_encoder_97.lto_priv.0
 .rodata.command_encoder_98.lto_priv.0
                0x000000000800953c        0x8 /tmp/klipper.elf.wTL2v1.ltrans0.ltrans.o
                0x000000000800953c                command_encoder_98.lto_priv.0
 .rodata.command_encoder_99.lto_priv.0
                0x0000000008009544        0x8 /tmp/klipper.elf.wTL2v1.ltrans0.ltrans.o
                0x0000000008009544                command_encoder_99.lto_priv.0
 .rodata.command_parameters0.lto_priv.0
                0x000000000800954c        0x1 /tmp/klipper.elf.wTL2v1.ltrans0.ltrans.o
                0x000000000800954c                command_parameters0.lto_priv.0
 *fill*         0x000000000800954d        0x3 
 .rodata.command_parameters1.lto_priv.0
                0x0000000008009550        0x2 /tmp/klipper.elf.wTL2v1.ltrans0.ltrans.o
                0x0000000008009550                command_parameters1.lto_priv.0
 *fill*         0x0000000008009552        0x2 
 .rodata.command_parameters10.lto_priv.0
                0x0000000008009554        0x4 /tmp/klipper.elf.wTL2v1.ltrans0.ltrans.o
                0x0000000008009554                command_parameters10.lto_priv.0
 .rodata.command_parameters11.lto_priv.0
                0x0000000008009558        0x4 /tmp/klipper.elf.wTL2v1.ltrans0.ltrans.o
                0x0000000008009558                command_parameters11.lto_priv.0
 .rodata.command_parameters12.lto_priv.0
                0x000000000800955c        0xf /tmp/klipper.elf.wTL2v1.ltrans0.ltrans.o
                0x000000000800955c                command_parameters12.lto_priv.0
 *fill*         0x000000000800956b        0x1 
 .rodata.command_parameters13.lto_priv.0
                0x000000000800956c        0x6 /tmp/klipper.elf.wTL2v1.ltrans0.ltrans.o
                0x000000000800956c                command_parameters13.lto_priv.0
 *fill*         0x0000000008009572        0x2 
 .rodata.command_parameters14.lto_priv.0
                0x0000000008009574        0x5 /tmp/klipper.elf.wTL2v1.ltrans0.ltrans.o
                0x0000000008009574                command_parameters14.lto_priv.0
 *fill*         0x0000000008009579        0x3 
 .rodata.command_parameters15.lto_priv.0
                0x000000000800957c        0x1 /tmp/klipper.elf.wTL2v1.ltrans0.ltrans.o
                0x000000000800957c                command_parameters15.lto_priv.0
 *fill*         0x000000000800957d        0x3 
 .rodata.command_parameters16.lto_priv.0
                0x0000000008009580        0xb /tmp/klipper.elf.wTL2v1.ltrans0.ltrans.o
                0x0000000008009580                command_parameters16.lto_priv.0
 *fill*         0x000000000800958b        0x1 
 .rodata.command_parameters17.lto_priv.0
                0x000000000800958c        0x2 /tmp/klipper.elf.wTL2v1.ltrans0.ltrans.o
                0x000000000800958c                command_parameters17.lto_priv.0
 *fill*         0x000000000800958e        0x2 
 .rodata.command_parameters18.lto_priv.0
                0x0000000008009590        0x8 /tmp/klipper.elf.wTL2v1.ltrans0.ltrans.o
                0x0000000008009590                command_parameters18.lto_priv.0
 .rodata.command_parameters19.lto_priv.0
                0x0000000008009598        0x5 /tmp/klipper.elf.wTL2v1.ltrans0.ltrans.o
                0x0000000008009598                command_parameters19.lto_priv.0
 *fill*         0x000000000800959d        0x3 
 .rodata.command_parameters2.lto_priv.0
                0x00000000080095a0        0x2 /tmp/klipper.elf.wTL2v1.ltrans0.ltrans.o
                0x00000000080095a0                command_parameters2.lto_priv.0
 *fill*         0x00000000080095a2        0x2 
 .rodata.command_parameters20.lto_priv.0
                0x00000000080095a4        0x9 /tmp/klipper.elf.wTL2v1.ltrans0.ltrans.o
                0x00000000080095a4                command_parameters20.lto_priv.0
 *fill*         0x00000000080095ad        0x3 
 .rodata.command_parameters21.lto_priv.0
                0x00000000080095b0        0x3 /tmp/klipper.elf.wTL2v1.ltrans0.ltrans.o
                0x00000000080095b0                command_parameters21.lto_priv.0
 *fill*         0x00000000080095b3        0x1 
 .rodata.command_parameters22.lto_priv.0
                0x00000000080095b4        0x7 /tmp/klipper.elf.wTL2v1.ltrans0.ltrans.o
                0x00000000080095b4                command_parameters22.lto_priv.0
 *fill*         0x00000000080095bb        0x1 
 .rodata.command_parameters23.lto_priv.0
                0x00000000080095bc        0x3 /tmp/klipper.elf.wTL2v1.ltrans0.ltrans.o
                0x00000000080095bc                command_parameters23.lto_priv.0
 *fill*         0x00000000080095bf        0x1 
 .rodata.command_parameters24.lto_priv.0
                0x00000000080095c0        0x2 /tmp/klipper.elf.wTL2v1.ltrans0.ltrans.o
                0x00000000080095c0                command_parameters24.lto_priv.0
 *fill*         0x00000000080095c2        0x2 
 .rodata.command_parameters25.lto_priv.0
                0x00000000080095c4        0x4 /tmp/klipper.elf.wTL2v1.ltrans0.ltrans.o
                0x00000000080095c4                command_parameters25.lto_priv.0
 .rodata.command_parameters26.lto_priv.0
                0x00000000080095c8        0x7 /tmp/klipper.elf.wTL2v1.ltrans0.ltrans.o
                0x00000000080095c8                command_parameters26.lto_priv.0
 *fill*         0x00000000080095cf        0x1 
 .rodata.command_parameters27.lto_priv.0
                0x00000000080095d0        0x3 /tmp/klipper.elf.wTL2v1.ltrans0.ltrans.o
                0x00000000080095d0                command_parameters27.lto_priv.0
 *fill*         0x00000000080095d3        0x1 
 .rodata.command_parameters28.lto_priv.0
                0x00000000080095d4        0x4 /tmp/klipper.elf.wTL2v1.ltrans0.ltrans.o
                0x00000000080095d4                command_parameters28.lto_priv.0
 .rodata.command_parameters29.lto_priv.0
                0x00000000080095d8        0x3 /tmp/klipper.elf.wTL2v1.ltrans0.ltrans.o
                0x00000000080095d8                command_parameters29.lto_priv.0
 *fill*         0x00000000080095db        0x1 
 .rodata.command_parameters3.lto_priv.0
                0x00000000080095dc        0x3 /tmp/klipper.elf.wTL2v1.ltrans0.ltrans.o
                0x00000000080095dc                command_parameters3.lto_priv.0
 *fill*         0x00000000080095df        0x1 
 .rodata.command_parameters4.lto_priv.0
                0x00000000080095e0        0x2 /tmp/klipper.elf.wTL2v1.ltrans0.ltrans.o
                0x00000000080095e0                command_parameters4.lto_priv.0
 *fill*         0x00000000080095e2        0x2 
 .rodata.command_parameters5.lto_priv.0
                0x00000000080095e4        0x1 /tmp/klipper.elf.wTL2v1.ltrans0.ltrans.o
                0x00000000080095e4                command_parameters5.lto_priv.0
 *fill*         0x00000000080095e5        0x3 
 .rodata.command_parameters6.lto_priv.0
                0x00000000080095e8        0x4 /tmp/klipper.elf.wTL2v1.ltrans0.ltrans.o
                0x00000000080095e8                command_parameters6.lto_priv.0
 .rodata.command_parameters7.lto_priv.0
                0x00000000080095ec        0x1 /tmp/klipper.elf.wTL2v1.ltrans0.ltrans.o
                0x00000000080095ec                command_parameters7.lto_priv.0
 *fill*         0x00000000080095ed        0x3 
 .rodata.command_parameters8.lto_priv.0
                0x00000000080095f0        0x6 /tmp/klipper.elf.wTL2v1.ltrans0.ltrans.o
                0x00000000080095f0                command_parameters8.lto_priv.0
 *fill*         0x00000000080095f6        0x2 
 .rodata.command_parameters9.lto_priv.0
                0x00000000080095f8        0x2 /tmp/klipper.elf.wTL2v1.ltrans0.ltrans.o
                0x00000000080095f8                command_parameters9.lto_priv.0
 *fill*         0x00000000080095fa        0x2 
 .rodata.gpio_pclk
                0x00000000080095fc       0x1c /tmp/klipper.elf.wTL2v1.ltrans0.ltrans.o
 .rodata.gpio_port_base
                0x0000000008009618       0x1c /tmp/klipper.elf.wTL2v1.ltrans0.ltrans.o
 .rodata.sigmoid_ary
                0x0000000008009634      0x200 /tmp/klipper.elf.wTL2v1.ltrans0.ltrans.o
 .rodata.command_encoder_80.lto_priv.0
                0x0000000008009834        0x8 /tmp/klipper.elf.wTL2v1.ltrans1.ltrans.o
                0x0000000008009834                command_encoder_80.lto_priv.0
 .rodata.command_encoder_85.lto_priv.0
                0x000000000800983c        0x8 /tmp/klipper.elf.wTL2v1.ltrans1.ltrans.o
                0x000000000800983c                command_encoder_85.lto_priv.0
 .rodata.command_identify_data
                0x0000000008009844      0xbbd /tmp/klipper.elf.wTL2v1.ltrans1.ltrans.o
 *fill*         0x000000000800a401        0x3 
 .rodata.command_index
                0x000000000800a404      0x39c /tmp/klipper.elf.wTL2v1.ltrans1.ltrans.o
 .rodata.command_parameters30
                0x000000000800a7a0        0x2 /tmp/klipper.elf.wTL2v1.ltrans1.ltrans.o
 *fill*         0x000000000800a7a2        0x2 
 .rodata.command_parameters31
                0x000000000800a7a4        0x2 /tmp/klipper.elf.wTL2v1.ltrans1.ltrans.o
 *fill*         0x000000000800a7a6        0x2 
 .rodata.command_parameters32
                0x000000000800a7a8        0xc /tmp/klipper.elf.wTL2v1.ltrans1.ltrans.o
 .rodata.command_parameters33
                0x000000000800a7b4        0x5 /tmp/klipper.elf.wTL2v1.ltrans1.ltrans.o
 *fill*         0x000000000800a7b9        0x3 
 .rodata.command_parameters34
                0x000000000800a7bc        0x4 /tmp/klipper.elf.wTL2v1.ltrans1.ltrans.o
 .rodata.command_parameters35
                0x000000000800a7c0        0x5 /tmp/klipper.elf.wTL2v1.ltrans1.ltrans.o
 *fill*         0x000000000800a7c5        0x3 
 .rodata.command_parameters36
                0x000000000800a7c8        0x8 /tmp/klipper.elf.wTL2v1.ltrans1.ltrans.o
 .rodata.command_parameters37
                0x000000000800a7d0        0x3 /tmp/klipper.elf.wTL2v1.ltrans1.ltrans.o
 *fill*         0x000000000800a7d3        0x1 
 .rodata.command_parameters38
                0x000000000800a7d4        0x9 /tmp/klipper.elf.wTL2v1.ltrans1.ltrans.o
 *fill*         0x000000000800a7dd        0x3 
 .rodata.command_parameters39
                0x000000000800a7e0        0x4 /tmp/klipper.elf.wTL2v1.ltrans1.ltrans.o
 .rodata.command_parameters40
                0x000000000800a7e4        0x5 /tmp/klipper.elf.wTL2v1.ltrans1.ltrans.o
 *fill*         0x000000000800a7e9        0x3 
 .rodata.command_parameters41
                0x000000000800a7ec        0x9 /tmp/klipper.elf.wTL2v1.ltrans1.ltrans.o
 *fill*         0x000000000800a7f5        0x3 
 .rodata.command_parameters42
                0x000000000800a7f8        0x6 /tmp/klipper.elf.wTL2v1.ltrans1.ltrans.o
 *fill*         0x000000000800a7fe        0x2 
 .rodata.command_parameters43
                0x000000000800a800        0x2 /tmp/klipper.elf.wTL2v1.ltrans1.ltrans.o
 *fill*         0x000000000800a802        0x2 
 .rodata.command_parameters44
                0x000000000800a804        0x8 /tmp/klipper.elf.wTL2v1.ltrans1.ltrans.o
 .rodata.command_parameters45
                0x000000000800a80c        0x3 /tmp/klipper.elf.wTL2v1.ltrans1.ltrans.o
 *fill*         0x000000000800a80f        0x1 
 .rodata.command_parameters46
                0x000000000800a810        0x6 /tmp/klipper.elf.wTL2v1.ltrans1.ltrans.o
 *fill*         0x000000000800a816        0x2 
 .rodata.command_parameters47
                0x000000000800a818        0x3 /tmp/klipper.elf.wTL2v1.ltrans1.ltrans.o
 *fill*         0x000000000800a81b        0x1 
 .rodata.command_parameters48
                0x000000000800a81c        0x5 /tmp/klipper.elf.wTL2v1.ltrans1.ltrans.o
 *fill*         0x000000000800a821        0x3 
 .rodata.command_parameters49
                0x000000000800a824        0x5 /tmp/klipper.elf.wTL2v1.ltrans1.ltrans.o
 *fill*         0x000000000800a829        0x3 
 .rodata.command_parameters50
                0x000000000800a82c        0x5 /tmp/klipper.elf.wTL2v1.ltrans1.ltrans.o
 *fill*         0x000000000800a831        0x3 
 .rodata.encode_acknak
                0x000000000800a834        0x8 /tmp/klipper.elf.wTL2v1.ltrans1.ltrans.o

.glue_7         0x000000000800a83c        0x0
 .glue_7        0x000000000800a83c        0x0 linker stubs

.glue_7t        0x000000000800a83c        0x0
 .glue_7t       0x000000000800a83c        0x0 linker stubs

.vfp11_veneer   0x000000000800a83c        0x0
 .vfp11_veneer  0x000000000800a83c        0x0 linker stubs

.v4_bx          0x000000000800a83c        0x0
 .v4_bx         0x000000000800a83c        0x0 linker stubs

.iplt           0x000000000800a83c        0x0
 .iplt          0x000000000800a83c        0x0 /tmp/klipper.elf.wTL2v1.ltrans0.ltrans.o

.rel.dyn        0x000000000800a83c        0x0
 .rel.iplt      0x000000000800a83c        0x0 /tmp/klipper.elf.wTL2v1.ltrans0.ltrans.o
                0x000000000800a83c                . = ALIGN (0x4)
                0x000000000800a83c                _data_flash = .

.data           0x0000000020000000       0x58 load address 0x000000000800a83c
                0x0000000020000000                . = ALIGN (0x4)
                0x0000000020000000                _data_start = .
 *(.ramfunc .ramfunc.*)
 *(.data .data.*)
 .data.SchedStatus.lto_priv.0
                0x0000000020000000        0xc /tmp/klipper.elf.wTL2v1.ltrans0.ltrans.o
                0x0000000020000000                SchedStatus.lto_priv.0
 .data.periodic_timer.lto_priv.0
                0x000000002000000c        0xc /tmp/klipper.elf.wTL2v1.ltrans0.ltrans.o
                0x000000002000000c                periodic_timer.lto_priv.0
 .data.sentinel_timer.lto_priv.0
                0x0000000020000018        0xc /tmp/klipper.elf.wTL2v1.ltrans0.ltrans.o
                0x0000000020000018                sentinel_timer.lto_priv.0
 *fill*         0x0000000020000024        0x4 
 .data.sys_time_cfg.lto_priv.0
                0x0000000020000028       0x20 /tmp/klipper.elf.wTL2v1.ltrans0.ltrans.o
                0x0000000020000028                sys_time_cfg.lto_priv.0
 .data.deleted_timer.lto_priv.0
                0x0000000020000048        0xc /tmp/klipper.elf.wTL2v1.ltrans1.ltrans.o
                0x0000000020000048                deleted_timer.lto_priv.0
 .data.next_sequence
                0x0000000020000054        0x1 /tmp/klipper.elf.wTL2v1.ltrans1.ltrans.o
                0x0000000020000058                . = ALIGN (0x4)
 *fill*         0x0000000020000055        0x3 
                0x0000000020000058                _data_end = .

.igot.plt       0x0000000020000058        0x0 load address 0x000000000800a894
 .igot.plt      0x0000000020000058        0x0 /tmp/klipper.elf.wTL2v1.ltrans0.ltrans.o

.bss            0x0000000020000058      0xac4 load address 0x000000000800a898
                0x0000000020000058                . = ALIGN (0x4)
                0x0000000020000058                _bss_start = .
 *(.bss .bss.*)
 .bss.adxl345_wake.lto_priv.0
                0x0000000020000058        0x1 /tmp/klipper.elf.wTL2v1.ltrans0.ltrans.o
                0x0000000020000058                adxl345_wake.lto_priv.0
 *fill*         0x0000000020000059        0x3 
 .bss.analog_wake.lto_priv.0
                0x000000002000005c        0x1 /tmp/klipper.elf.wTL2v1.ltrans0.ltrans.o
                0x000000002000005c                analog_wake.lto_priv.0
 *fill*         0x000000002000005d        0x3 
 .bss.buf_cpy.10290
                0x0000000020000060       0x80 /tmp/klipper.elf.wTL2v1.ltrans0.ltrans.o
 .bss.buf_tmp.10291
                0x00000000200000e0      0x100 /tmp/klipper.elf.wTL2v1.ltrans0.ltrans.o
 .bss.buttons_wake.lto_priv.0
                0x00000000200001e0        0x1 /tmp/klipper.elf.wTL2v1.ltrans0.ltrans.o
                0x00000000200001e0                buttons_wake.lto_priv.0
 *fill*         0x00000000200001e1        0x3 
 .bss.counter_wake.lto_priv.0
                0x00000000200001e4        0x1 /tmp/klipper.elf.wTL2v1.ltrans0.ltrans.o
                0x00000000200001e4                counter_wake.lto_priv.0
 *fill*         0x00000000200001e5        0x3 
 .bss.dirzctl_wake.lto_priv.0
                0x00000000200001e8        0x1 /tmp/klipper.elf.wTL2v1.ltrans0.ltrans.o
                0x00000000200001e8                dirzctl_wake.lto_priv.0
 *fill*         0x00000000200001e9        0x7 
 .bss.last_tick_s.10240
                0x00000000200001f0        0x8 /tmp/klipper.elf.wTL2v1.ltrans0.ltrans.o
 .bss.pres_cfg.lto_priv.0
                0x00000000200001f8      0x320 /tmp/klipper.elf.wTL2v1.ltrans0.ltrans.o
                0x00000000200001f8                pres_cfg.lto_priv.0
 .bss.receive_buf.lto_priv.0
                0x0000000020000518       0xc0 /tmp/klipper.elf.wTL2v1.ltrans0.ltrans.o
                0x0000000020000518                receive_buf.lto_priv.0
 .bss.receive_pos.lto_priv.0
                0x00000000200005d8        0x1 /tmp/klipper.elf.wTL2v1.ltrans0.ltrans.o
                0x00000000200005d8                receive_pos.lto_priv.0
 *fill*         0x00000000200005d9        0x7 
 .bss.step_cfg.lto_priv.0
                0x00000000200005e0      0x190 /tmp/klipper.elf.wTL2v1.ltrans0.ltrans.o
                0x00000000200005e0                step_cfg.lto_priv.0
 .bss.swap_cfg.lto_priv.0
                0x0000000020000770        0x8 /tmp/klipper.elf.wTL2v1.ltrans0.ltrans.o
                0x0000000020000770                swap_cfg.lto_priv.0
 .bss.thermocouple_wake.lto_priv.0
                0x0000000020000778        0x1 /tmp/klipper.elf.wTL2v1.ltrans0.ltrans.o
                0x0000000020000778                thermocouple_wake.lto_priv.0
 *fill*         0x0000000020000779        0x3 
 .bss.timer_repeat_until.lto_priv.0
                0x000000002000077c        0x4 /tmp/klipper.elf.wTL2v1.ltrans0.ltrans.o
                0x000000002000077c                timer_repeat_until.lto_priv.0
 .bss.tmcuart_wake.lto_priv.0
                0x0000000020000780        0x1 /tmp/klipper.elf.wTL2v1.ltrans0.ltrans.o
                0x0000000020000780                tmcuart_wake.lto_priv.0
 *fill*         0x0000000020000781        0x3 
 .bss.transmit_buf.lto_priv.0
                0x0000000020000784       0x60 /tmp/klipper.elf.wTL2v1.ltrans0.ltrans.o
                0x0000000020000784                transmit_buf.lto_priv.0
 .bss.transmit_max.lto_priv.0
                0x00000000200007e4        0x1 /tmp/klipper.elf.wTL2v1.ltrans0.ltrans.o
                0x00000000200007e4                transmit_max.lto_priv.0
 .bss.transmit_pos.lto_priv.0
                0x00000000200007e5        0x1 /tmp/klipper.elf.wTL2v1.ltrans0.ltrans.o
                0x00000000200007e5                transmit_pos.lto_priv.0
 *fill*         0x00000000200007e6        0x2 
 .bss.allocMoveQueueCountMax
                0x00000000200007e8        0x4 /tmp/klipper.elf.wTL2v1.ltrans1.ltrans.o
 .bss.alloc_end
                0x00000000200007ec        0x4 /tmp/klipper.elf.wTL2v1.ltrans1.ltrans.o
 .bss.config_crc
                0x00000000200007f0        0x4 /tmp/klipper.elf.wTL2v1.ltrans1.ltrans.o
 .bss.count.4931
                0x00000000200007f4        0x4 /tmp/klipper.elf.wTL2v1.ltrans1.ltrans.o
 .bss.fancheck_wake
                0x00000000200007f8        0x1 /tmp/klipper.elf.wTL2v1.ltrans1.ltrans.o
 *fill*         0x00000000200007f9        0x3 
 .bss.fc_status
                0x00000000200007fc      0x26c /tmp/klipper.elf.wTL2v1.ltrans1.ltrans.o
 .bss.hx711s_wake
                0x0000000020000a68        0x1 /tmp/klipper.elf.wTL2v1.ltrans1.ltrans.o
 .bss.in_sendf  0x0000000020000a69        0x1 /tmp/klipper.elf.wTL2v1.ltrans1.ltrans.o
 *fill*         0x0000000020000a6a        0x6 
 .bss.last_tick.9222
                0x0000000020000a70        0x8 /tmp/klipper.elf.wTL2v1.ltrans1.ltrans.o
 .bss.move_count
                0x0000000020000a78        0x2 /tmp/klipper.elf.wTL2v1.ltrans1.ltrans.o
 *fill*         0x0000000020000a7a        0x2 
 .bss.move_free_list
                0x0000000020000a7c        0x4 /tmp/klipper.elf.wTL2v1.ltrans1.ltrans.o
 .bss.move_item_size
                0x0000000020000a80        0x1 /tmp/klipper.elf.wTL2v1.ltrans1.ltrans.o
 *fill*         0x0000000020000a81        0x3 
 .bss.move_list
                0x0000000020000a84        0x4 /tmp/klipper.elf.wTL2v1.ltrans1.ltrans.o
 .bss.oid_count
                0x0000000020000a88        0x1 /tmp/klipper.elf.wTL2v1.ltrans1.ltrans.o
 *fill*         0x0000000020000a89        0x3 
 .bss.oids      0x0000000020000a8c        0x4 /tmp/klipper.elf.wTL2v1.ltrans1.ltrans.o
 .bss.send_dly  0x0000000020000a90       0x10 /tmp/klipper.elf.wTL2v1.ltrans1.ltrans.o
 .bss.shutdown_jmp
                0x0000000020000aa0       0x5c /tmp/klipper.elf.wTL2v1.ltrans1.ltrans.o
 .bss.stats_send_time
                0x0000000020000afc        0x4 /tmp/klipper.elf.wTL2v1.ltrans1.ltrans.o
 .bss.stats_send_time_high
                0x0000000020000b00        0x4 /tmp/klipper.elf.wTL2v1.ltrans1.ltrans.o
 .bss.sum.4932  0x0000000020000b04        0x4 /tmp/klipper.elf.wTL2v1.ltrans1.ltrans.o
 .bss.sumsq.4933
                0x0000000020000b08        0x4 /tmp/klipper.elf.wTL2v1.ltrans1.ltrans.o
 .bss.sync_state.4874
                0x0000000020000b0c        0x1 /tmp/klipper.elf.wTL2v1.ltrans1.ltrans.o
 *fill*         0x0000000020000b0d        0x3 
 .bss.trsync_wake
                0x0000000020000b10        0x1 /tmp/klipper.elf.wTL2v1.ltrans1.ltrans.o
 *fill*         0x0000000020000b11        0x3 
 .bss.usedMoveQueueNumber
                0x0000000020000b14        0x4 /tmp/klipper.elf.wTL2v1.ltrans1.ltrans.o
 .bss.usedMoveQueueWaterLine
                0x0000000020000b18        0x4 /tmp/klipper.elf.wTL2v1.ltrans1.ltrans.o
 *(COMMON)
                0x0000000020000b1c                . = ALIGN (0x4)
                0x0000000020000b1c                _bss_end = .
                0x0000000020007e00                _stack_start = 0x20007e00

.stack          0x0000000020007e00      0x200 load address 0x0000000008012640
                0x0000000020008000                . = (. + 0x200)
 *fill*         0x0000000020007e00      0x200 
                0x0000000020008000                _stack_end = .

/DISCARD/
 *(.init)
 *(.fini)
OUTPUT(out/klipper.elf elf32-littlearm)

.ARM.attributes
                0x0000000000000000       0x2a
 .ARM.attributes
                0x0000000000000000       0x1e /opt/gcc-arm-none-eabi-9-2019-q4-major/bin/../lib/gcc/arm-none-eabi/9.2.1/thumb/v7e-m/nofp/crti.o
 .ARM.attributes
                0x000000000000001e       0x2c /tmp/klipper.elf.wTL2v1.ltrans0.ltrans.o
 .ARM.attributes
                0x000000000000004a       0x2c /tmp/klipper.elf.wTL2v1.ltrans1.ltrans.o
 .ARM.attributes
                0x0000000000000076       0x2c /tmp/klipper.elf.wTL2v1.ltrans2.ltrans.o
 .ARM.attributes
                0x00000000000000a2       0x1e /opt/gcc-arm-none-eabi-9-2019-q4-major/bin/../lib/gcc/arm-none-eabi/9.2.1/thumb/v7e-m/nofp/libgcc.a(_arm_addsubdf3.o)
 .ARM.attributes
                0x00000000000000c0       0x1e /opt/gcc-arm-none-eabi-9-2019-q4-major/bin/../lib/gcc/arm-none-eabi/9.2.1/thumb/v7e-m/nofp/libgcc.a(_arm_muldivdf3.o)
 .ARM.attributes
                0x00000000000000de       0x1e /opt/gcc-arm-none-eabi-9-2019-q4-major/bin/../lib/gcc/arm-none-eabi/9.2.1/thumb/v7e-m/nofp/libgcc.a(_arm_cmpdf2.o)
 .ARM.attributes
                0x00000000000000fc       0x1e /opt/gcc-arm-none-eabi-9-2019-q4-major/bin/../lib/gcc/arm-none-eabi/9.2.1/thumb/v7e-m/nofp/libgcc.a(_arm_fixdfsi.o)
 .ARM.attributes
                0x000000000000011a       0x1e /opt/gcc-arm-none-eabi-9-2019-q4-major/bin/../lib/gcc/arm-none-eabi/9.2.1/thumb/v7e-m/nofp/libgcc.a(_arm_fixunsdfsi.o)
 .ARM.attributes
                0x0000000000000138       0x1e /opt/gcc-arm-none-eabi-9-2019-q4-major/bin/../lib/gcc/arm-none-eabi/9.2.1/thumb/v7e-m/nofp/libgcc.a(_arm_addsubsf3.o)
 .ARM.attributes
                0x0000000000000156       0x1e /opt/gcc-arm-none-eabi-9-2019-q4-major/bin/../lib/gcc/arm-none-eabi/9.2.1/thumb/v7e-m/nofp/libgcc.a(_arm_muldivsf3.o)
 .ARM.attributes
                0x0000000000000174       0x1e /opt/gcc-arm-none-eabi-9-2019-q4-major/bin/../lib/gcc/arm-none-eabi/9.2.1/thumb/v7e-m/nofp/libgcc.a(_arm_fixunssfsi.o)
 .ARM.attributes
                0x0000000000000192       0x2e /opt/gcc-arm-none-eabi-9-2019-q4-major/bin/../lib/gcc/arm-none-eabi/9.2.1/thumb/v7e-m/nofp/libgcc.a(_fixunssfdi.o)
 .ARM.attributes
                0x00000000000001c0       0x1c /opt/gcc-arm-none-eabi-9-2019-q4-major/bin/../lib/gcc/arm-none-eabi/9.2.1/../../../../arm-none-eabi/lib/thumb/v7e-m/nofp/libg_nano.a(lib_a-memchr.o)
 .ARM.attributes
                0x00000000000001dc       0x2e /opt/gcc-arm-none-eabi-9-2019-q4-major/bin/../lib/gcc/arm-none-eabi/9.2.1/../../../../arm-none-eabi/lib/thumb/v7e-m/nofp/libg_nano.a(lib_a-memcpy-stub.o)
 .ARM.attributes
                0x000000000000020a       0x2e /opt/gcc-arm-none-eabi-9-2019-q4-major/bin/../lib/gcc/arm-none-eabi/9.2.1/../../../../arm-none-eabi/lib/thumb/v7e-m/nofp/libg_nano.a(lib_a-memmove.o)
 .ARM.attributes
                0x0000000000000238       0x2e /opt/gcc-arm-none-eabi-9-2019-q4-major/bin/../lib/gcc/arm-none-eabi/9.2.1/../../../../arm-none-eabi/lib/thumb/v7e-m/nofp/libg_nano.a(lib_a-memset.o)
 .ARM.attributes
                0x0000000000000266       0x1c /opt/gcc-arm-none-eabi-9-2019-q4-major/bin/../lib/gcc/arm-none-eabi/9.2.1/../../../../arm-none-eabi/lib/thumb/v7e-m/nofp/libg_nano.a(lib_a-setjmp.o)

.comment        0x0000000000000000       0x79
 .comment       0x0000000000000000       0x79 /tmp/klipper.elf.wTL2v1.ltrans0.ltrans.o
                                         0x7a (size before relaxing)
 .comment       0x0000000000000079       0x7a /tmp/klipper.elf.wTL2v1.ltrans1.ltrans.o
 .comment       0x0000000000000079       0x7a /tmp/klipper.elf.wTL2v1.ltrans2.ltrans.o

.debug_info     0x0000000000000000    0x24dd9
 .debug_info    0x0000000000000000     0x5301 /tmp/klipper.elf.wTL2v1.ltrans0.ltrans.o
 .debug_info    0x0000000000005301     0x5a38 /tmp/klipper.elf.wTL2v1.ltrans1.ltrans.o
 .debug_info    0x000000000000ad39     0x1262 /tmp/klipper.elf.wTL2v1.ltrans2.ltrans.o
 .debug_info    0x000000000000bf9b      0x67c /tmp/ccGkmlph.debug.temp.o
                0x000000000000bf9b                sched.c.f1287861
 .debug_info    0x000000000000c617     0x10ad /tmp/ccACkfHp.debug.temp.o
                0x000000000000c617                command.c.36a27c2d
 .debug_info    0x000000000000d6c4     0x12ba /tmp/cc8MglZx.debug.temp.o
                0x000000000000d6c4                basecmd.c.44c313d0
 .debug_info    0x000000000000e97e      0x41b /tmp/cc2k4ChG.debug.temp.o
                0x000000000000e97e                debugcmds.c.fc86a5a3
 .debug_info    0x000000000000ed99      0x5f4 /tmp/ccq0J1zO.debug.temp.o
                0x000000000000ed99                fan_check.c.8f37be22
 .debug_info    0x000000000000f38d      0x158 /tmp/ccMvUxSW.debug.temp.o
                0x000000000000f38d                initial_pins.c.b3454a8f
 .debug_info    0x000000000000f4e5      0x6a7 /tmp/ccwUkab5.debug.temp.o
                0x000000000000f4e5                gpiocmds.c.532ea1d9
 .debug_info    0x000000000000fb8c      0x922 /tmp/cc8zyTtd.debug.temp.o
                0x000000000000fb8c                stepper.c.bd4e6ef8
 .debug_info    0x00000000000104ae      0x467 /tmp/ccMm4JMl.debug.temp.o
                0x00000000000104ae                endstop.c.52f2ca78
 .debug_info    0x0000000000010915      0x679 /tmp/ccmK1G5t.debug.temp.o
                0x0000000000010915                trsync.c.c99a7552
 .debug_info    0x0000000000010f8e      0xdc8 /tmp/ccK16KoC.debug.temp.o
                0x0000000000010f8e                prtouch_v2_compile.c.6875dc7b
 .debug_info    0x0000000000011d56      0xf4b /tmp/ccoA0lIK.debug.temp.o
                0x0000000000011d56                hx711s.c.a051ca9c
 .debug_info    0x0000000000012ca1      0xf24 /tmp/cc6lns2S.debug.temp.o
                0x0000000000012ca1                dirzctl.c.04a41a64
 .debug_info    0x0000000000013bc5      0x4bf /tmp/ccASs3m1.debug.temp.o
                0x0000000000013bc5                adccmds.c.5354e7f8
 .debug_info    0x0000000000014084      0xea0 /tmp/ccIxdLH9.debug.temp.o
                0x0000000000014084                spicmds.c.2f9df225
 .debug_info    0x0000000000014f24      0xfcf /tmp/ccMJ1D2h.debug.temp.o
                0x0000000000014f24                thermocouple.c.0ad4134f
 .debug_info    0x0000000000015ef3      0x305 /tmp/ccwp6Hnq.debug.temp.o
                0x0000000000015ef3                spi_software.c.287011f0
 .debug_info    0x00000000000161f8      0xeb6 /tmp/ccMovSIy.debug.temp.o
                0x00000000000161f8                sensor_adxl345.c.0d24f7dc
 .debug_info    0x00000000000170ae      0xf80 /tmp/ccqrud4G.debug.temp.o
                0x00000000000170ae                tmcuart.c.d98745ec
 .debug_info    0x000000000001802e      0xd98 /tmp/cc2UGJpP.debug.temp.o
                0x000000000001802e                neopixel.c.4ee42fa1
 .debug_info    0x0000000000018dc6      0x42d /tmp/ccs42qLX.debug.temp.o
                0x0000000000018dc6                pulse_counter.c.2503a42e
 .debug_info    0x00000000000191f3      0x5b4 /tmp/ccuVGe75.debug.temp.o
                0x00000000000191f3                buttons.c.ea2e2083
 .debug_info    0x00000000000197a7      0xf12 /tmp/ccMpW8se.debug.temp.o
                0x00000000000197a7                armcm_boot.c.1e77da9a
 .debug_info    0x000000000001a6b9      0xa33 /tmp/ccY2DyPm.debug.temp.o
                0x000000000001a6b9                armcm_irq.c.6a8e24a2
 .debug_info    0x000000000001b0ec      0xcde /tmp/ccUqXtcv.debug.temp.o
                0x000000000001b0ec                armcm_reset.c.be14d56e
 .debug_info    0x000000000001bdca       0xed /tmp/ccMM3TzD.debug.temp.o
                0x000000000001bdca                crc16_ccitt.c.fb152bb1
 .debug_info    0x000000000001beb7      0xeb2 /tmp/ccoMWoXL.debug.temp.o
                0x000000000001beb7                gd32f30x.c.0972642f
 .debug_info    0x000000000001cd69     0x1011 /tmp/cc0gsolU.debug.temp.o
                0x000000000001cd69                gd32f30x_gpio.c.ceab1723
 .debug_info    0x000000000001dd7a     0x144e /tmp/ccsGNSJ2.debug.temp.o
                0x000000000001dd7a                armcm_timer.c.5be67449
 .debug_info    0x000000000001f1c8      0xe03 /tmp/ccgcAS8a.debug.temp.o
                0x000000000001f1c8                adc.c.763e5d51
 .debug_info    0x000000000001ffcb      0xb11 /tmp/cc04xmyj.debug.temp.o
                0x000000000001ffcb                spi.c.b5746e2b
 .debug_info    0x0000000000020adc     0x12a5 /tmp/ccYJxkYr.debug.temp.o
                0x0000000000020adc                serial.c.66e2f427
 .debug_info    0x0000000000021d81      0xd3a /tmp/ccekMMoA.debug.temp.o
                0x0000000000021d81                serial_irq.c.6f07d85c
 .debug_info    0x0000000000022abb      0x9d0 /tmp/ccuK0qPI.debug.temp.o
                0x0000000000022abb                compile_time_request.c.f815acc2
 .debug_info    0x000000000002348b     0x194e /tmp/cc2ZgvhR.debug.temp.o
                0x000000000002348b                prtouch_v2_cm4.c.339b3288

.debug_abbrev   0x0000000000000000     0x512b
 .debug_abbrev  0x0000000000000000      0x31a /tmp/klipper.elf.wTL2v1.ltrans0.ltrans.o
 .debug_abbrev  0x000000000000031a      0x2ee /tmp/klipper.elf.wTL2v1.ltrans1.ltrans.o
 .debug_abbrev  0x0000000000000608      0x13a /tmp/klipper.elf.wTL2v1.ltrans2.ltrans.o
 .debug_abbrev  0x0000000000000742      0x242 /tmp/ccGkmlph.debug.temp.o
 .debug_abbrev  0x0000000000000984      0x38e /tmp/ccACkfHp.debug.temp.o
 .debug_abbrev  0x0000000000000d12      0x2be /tmp/cc8MglZx.debug.temp.o
 .debug_abbrev  0x0000000000000fd0      0x137 /tmp/cc2k4ChG.debug.temp.o
 .debug_abbrev  0x0000000000001107      0x185 /tmp/ccq0J1zO.debug.temp.o
 .debug_abbrev  0x000000000000128c       0xf7 /tmp/ccMvUxSW.debug.temp.o
 .debug_abbrev  0x0000000000001383      0x14c /tmp/ccwUkab5.debug.temp.o
 .debug_abbrev  0x00000000000014cf      0x228 /tmp/cc8zyTtd.debug.temp.o
 .debug_abbrev  0x00000000000016f7      0x15d /tmp/ccMm4JMl.debug.temp.o
 .debug_abbrev  0x0000000000001854      0x169 /tmp/ccmK1G5t.debug.temp.o
 .debug_abbrev  0x00000000000019bd      0x240 /tmp/ccK16KoC.debug.temp.o
 .debug_abbrev  0x0000000000001bfd      0x270 /tmp/ccoA0lIK.debug.temp.o
 .debug_abbrev  0x0000000000001e6d      0x290 /tmp/cc6lns2S.debug.temp.o
 .debug_abbrev  0x00000000000020fd      0x142 /tmp/ccASs3m1.debug.temp.o
 .debug_abbrev  0x000000000000223f      0x25f /tmp/ccIxdLH9.debug.temp.o
 .debug_abbrev  0x000000000000249e      0x254 /tmp/ccMJ1D2h.debug.temp.o
 .debug_abbrev  0x00000000000026f2      0x119 /tmp/ccwp6Hnq.debug.temp.o
 .debug_abbrev  0x000000000000280b      0x24d /tmp/ccMovSIy.debug.temp.o
 .debug_abbrev  0x0000000000002a58      0x252 /tmp/ccqrud4G.debug.temp.o
 .debug_abbrev  0x0000000000002caa      0x270 /tmp/cc2UGJpP.debug.temp.o
 .debug_abbrev  0x0000000000002f1a      0x134 /tmp/ccs42qLX.debug.temp.o
 .debug_abbrev  0x000000000000304e      0x153 /tmp/ccuVGe75.debug.temp.o
 .debug_abbrev  0x00000000000031a1      0x291 /tmp/ccMpW8se.debug.temp.o
 .debug_abbrev  0x0000000000003432      0x23f /tmp/ccY2DyPm.debug.temp.o
 .debug_abbrev  0x0000000000003671      0x263 /tmp/ccUqXtcv.debug.temp.o
 .debug_abbrev  0x00000000000038d4       0x88 /tmp/ccMM3TzD.debug.temp.o
 .debug_abbrev  0x000000000000395c      0x28c /tmp/ccoMWoXL.debug.temp.o
 .debug_abbrev  0x0000000000003be8      0x305 /tmp/cc0gsolU.debug.temp.o
 .debug_abbrev  0x0000000000003eed      0x31e /tmp/ccsGNSJ2.debug.temp.o
 .debug_abbrev  0x000000000000420b      0x2c3 /tmp/ccgcAS8a.debug.temp.o
 .debug_abbrev  0x00000000000044ce      0x204 /tmp/cc04xmyj.debug.temp.o
 .debug_abbrev  0x00000000000046d2      0x2d4 /tmp/ccYJxkYr.debug.temp.o
 .debug_abbrev  0x00000000000049a6      0x276 /tmp/ccekMMoA.debug.temp.o
 .debug_abbrev  0x0000000000004c1c      0x1a0 /tmp/ccuK0qPI.debug.temp.o
 .debug_abbrev  0x0000000000004dbc      0x36f /tmp/cc2ZgvhR.debug.temp.o

.debug_loc      0x0000000000000000     0xa0bb
 .debug_loc     0x0000000000000000     0x4b1d /tmp/klipper.elf.wTL2v1.ltrans0.ltrans.o
 .debug_loc     0x0000000000004b1d     0x519d /tmp/klipper.elf.wTL2v1.ltrans1.ltrans.o
 .debug_loc     0x0000000000009cba      0x401 /tmp/klipper.elf.wTL2v1.ltrans2.ltrans.o

.debug_aranges  0x0000000000000000      0x500
 .debug_aranges
                0x0000000000000000      0x2c8 /tmp/klipper.elf.wTL2v1.ltrans0.ltrans.o
 .debug_aranges
                0x00000000000002c8      0x1e8 /tmp/klipper.elf.wTL2v1.ltrans1.ltrans.o
 .debug_aranges
                0x00000000000004b0       0x50 /tmp/klipper.elf.wTL2v1.ltrans2.ltrans.o

.debug_ranges   0x0000000000000000     0x3830
 .debug_ranges  0x0000000000000000     0x1608 /tmp/klipper.elf.wTL2v1.ltrans0.ltrans.o
 .debug_ranges  0x0000000000001608     0x2148 /tmp/klipper.elf.wTL2v1.ltrans1.ltrans.o
 .debug_ranges  0x0000000000003750       0xe0 /tmp/klipper.elf.wTL2v1.ltrans2.ltrans.o

.debug_line     0x0000000000000000    0x1234f
 .debug_line    0x0000000000000000     0x4e2c /tmp/klipper.elf.wTL2v1.ltrans0.ltrans.o
 .debug_line    0x0000000000004e2c     0x4dca /tmp/klipper.elf.wTL2v1.ltrans1.ltrans.o
 .debug_line    0x0000000000009bf6      0x475 /tmp/klipper.elf.wTL2v1.ltrans2.ltrans.o
 .debug_line    0x000000000000a06b      0x29a /tmp/ccGkmlph.debug.temp.o
 .debug_line    0x000000000000a305      0x2e2 /tmp/ccACkfHp.debug.temp.o
 .debug_line    0x000000000000a5e7      0x2c7 /tmp/cc8MglZx.debug.temp.o
 .debug_line    0x000000000000a8ae      0x20d /tmp/cc2k4ChG.debug.temp.o
 .debug_line    0x000000000000aabb      0x24d /tmp/ccq0J1zO.debug.temp.o
 .debug_line    0x000000000000ad08      0x226 /tmp/ccMvUxSW.debug.temp.o
 .debug_line    0x000000000000af2e      0x23a /tmp/ccwUkab5.debug.temp.o
 .debug_line    0x000000000000b168      0x264 /tmp/cc8zyTtd.debug.temp.o
 .debug_line    0x000000000000b3cc      0x23b /tmp/ccMm4JMl.debug.temp.o
 .debug_line    0x000000000000b607      0x244 /tmp/ccmK1G5t.debug.temp.o
 .debug_line    0x000000000000b84b      0x637 /tmp/ccK16KoC.debug.temp.o
 .debug_line    0x000000000000be82      0x5fd /tmp/ccoA0lIK.debug.temp.o
 .debug_line    0x000000000000c47f      0x5fe /tmp/cc6lns2S.debug.temp.o
 .debug_line    0x000000000000ca7d      0x22f /tmp/ccASs3m1.debug.temp.o
 .debug_line    0x000000000000ccac      0x2d8 /tmp/ccIxdLH9.debug.temp.o
 .debug_line    0x000000000000cf84      0x2d5 /tmp/ccMJ1D2h.debug.temp.o
 .debug_line    0x000000000000d259      0x220 /tmp/ccwp6Hnq.debug.temp.o
 .debug_line    0x000000000000d479      0x2d2 /tmp/ccMovSIy.debug.temp.o
 .debug_line    0x000000000000d74b      0x2d2 /tmp/ccqrud4G.debug.temp.o
 .debug_line    0x000000000000da1d      0x2e5 /tmp/cc2UGJpP.debug.temp.o
 .debug_line    0x000000000000dd02      0x23f /tmp/ccs42qLX.debug.temp.o
 .debug_line    0x000000000000df41      0x22f /tmp/ccuVGe75.debug.temp.o
 .debug_line    0x000000000000e170      0x5da /tmp/ccMpW8se.debug.temp.o
 .debug_line    0x000000000000e74a      0x5c6 /tmp/ccY2DyPm.debug.temp.o
 .debug_line    0x000000000000ed10      0x5f3 /tmp/ccUqXtcv.debug.temp.o
 .debug_line    0x000000000000f303      0x1c8 /tmp/ccMM3TzD.debug.temp.o
 .debug_line    0x000000000000f4cb      0x608 /tmp/ccoMWoXL.debug.temp.o
 .debug_line    0x000000000000fad3      0x5ec /tmp/cc0gsolU.debug.temp.o
 .debug_line    0x00000000000100bf      0x607 /tmp/ccsGNSJ2.debug.temp.o
 .debug_line    0x00000000000106c6      0x609 /tmp/ccgcAS8a.debug.temp.o
 .debug_line    0x0000000000010ccf      0x5e1 /tmp/cc04xmyj.debug.temp.o
 .debug_line    0x00000000000112b0      0x5f2 /tmp/ccYJxkYr.debug.temp.o
 .debug_line    0x00000000000118a2      0x301 /tmp/ccekMMoA.debug.temp.o
 .debug_line    0x0000000000011ba3      0x22f /tmp/ccuK0qPI.debug.temp.o
 .debug_line    0x0000000000011dd2      0x57d /tmp/cc2ZgvhR.debug.temp.o

.debug_str      0x0000000000000000    0x3a4b2
 .debug_str     0x0000000000000000      0x1e8 /tmp/klipper.elf.wTL2v1.ltrans0.ltrans.o
                                        0x20a (size before relaxing)
 .debug_str     0x00000000000001e8       0x45 /tmp/klipper.elf.wTL2v1.ltrans1.ltrans.o
                                        0x246 (size before relaxing)
 .debug_str     0x000000000000022d      0x17e /tmp/klipper.elf.wTL2v1.ltrans2.ltrans.o
 .debug_str     0x000000000000022d     0x7435 /tmp/ccGkmlph.debug.temp.o
                                       0x76e0 (size before relaxing)
 .debug_str     0x0000000000007662     0x2b4e /tmp/ccACkfHp.debug.temp.o
                                       0x9ec5 (size before relaxing)
 .debug_str     0x000000000000a1b0      0x3f3 /tmp/cc8MglZx.debug.temp.o
                                       0x8078 (size before relaxing)
 .debug_str     0x000000000000a5a3       0xae /tmp/cc2k4ChG.debug.temp.o
                                       0x4f7b (size before relaxing)
 .debug_str     0x000000000000a651      0x35a /tmp/ccq0J1zO.debug.temp.o
                                       0x7380 (size before relaxing)
 .debug_str     0x000000000000a9ab       0x85 /tmp/ccMvUxSW.debug.temp.o
                                       0x6654 (size before relaxing)
 .debug_str     0x000000000000aa30      0x1db /tmp/ccwUkab5.debug.temp.o
                                       0x526d (size before relaxing)
 .debug_str     0x000000000000ac0b      0x303 /tmp/cc8zyTtd.debug.temp.o
                                       0x73f2 (size before relaxing)
 .debug_str     0x000000000000af0e       0xf8 /tmp/ccMm4JMl.debug.temp.o
                                       0x516f (size before relaxing)
 .debug_str     0x000000000000b006      0x1ac /tmp/ccmK1G5t.debug.temp.o
                                       0x526f (size before relaxing)
 .debug_str     0x000000000000b1b2    0x2aec2 /tmp/ccK16KoC.debug.temp.o
                                      0x34a2e (size before relaxing)
 .debug_str     0x0000000000036074      0x1d8 /tmp/ccoA0lIK.debug.temp.o
                                      0x3424a (size before relaxing)
 .debug_str     0x000000000003624c      0x169 /tmp/cc6lns2S.debug.temp.o
                                      0x341e4 (size before relaxing)
 .debug_str     0x00000000000363b5      0x106 /tmp/ccASs3m1.debug.temp.o
                                       0x51a9 (size before relaxing)
 .debug_str     0x00000000000364bb      0x21e /tmp/ccIxdLH9.debug.temp.o
                                       0x9d31 (size before relaxing)
 .debug_str     0x00000000000366d9      0x3ce /tmp/ccMJ1D2h.debug.temp.o
                                       0x7ff0 (size before relaxing)
 .debug_str     0x0000000000036aa7       0x81 /tmp/ccwp6Hnq.debug.temp.o
                                       0x50c6 (size before relaxing)
 .debug_str     0x0000000000036b28      0x1c9 /tmp/ccMovSIy.debug.temp.o
                                       0x7db9 (size before relaxing)
 .debug_str     0x0000000000036cf1      0x1ea /tmp/ccqrud4G.debug.temp.o
                                       0x7dd9 (size before relaxing)
 .debug_str     0x0000000000036edb      0x193 /tmp/cc2UGJpP.debug.temp.o
                                       0x9d0a (size before relaxing)
 .debug_str     0x000000000003706e       0xd6 /tmp/ccs42qLX.debug.temp.o
                                       0x515f (size before relaxing)
 .debug_str     0x0000000000037144      0x152 /tmp/ccuVGe75.debug.temp.o
                                       0x51fc (size before relaxing)
 .debug_str     0x0000000000037296      0x2c7 /tmp/ccMpW8se.debug.temp.o
                                      0x341aa (size before relaxing)
 .debug_str     0x000000000003755d       0x67 /tmp/ccY2DyPm.debug.temp.o
                                      0x339f6 (size before relaxing)
 .debug_str     0x00000000000375c4      0x101 /tmp/ccUqXtcv.debug.temp.o
                                      0x33fc4 (size before relaxing)
 .debug_str     0x00000000000376c5       0x26 /tmp/ccMM3TzD.debug.temp.o
                                       0x3eb8 (size before relaxing)
 .debug_str     0x00000000000376eb      0x33a /tmp/ccoMWoXL.debug.temp.o
                                      0x344f7 (size before relaxing)
 .debug_str     0x0000000000037a25      0x14c /tmp/cc0gsolU.debug.temp.o
                                      0x342c8 (size before relaxing)
 .debug_str     0x0000000000037b71      0x641 /tmp/ccsGNSJ2.debug.temp.o
                                      0x348c5 (size before relaxing)
 .debug_str     0x00000000000381b2      0x39d /tmp/ccgcAS8a.debug.temp.o
                                      0x345aa (size before relaxing)
 .debug_str     0x000000000003854f       0x2a /tmp/cc04xmyj.debug.temp.o
                                      0x34022 (size before relaxing)
 .debug_str     0x0000000000038579      0x2c7 /tmp/ccYJxkYr.debug.temp.o
                                      0x34a44 (size before relaxing)
 .debug_str     0x0000000000038840       0xdf /tmp/ccekMMoA.debug.temp.o
                                       0x9d2f (size before relaxing)
 .debug_str     0x000000000003891f      0x767 /tmp/ccuK0qPI.debug.temp.o
                                       0x5963 (size before relaxing)
 .debug_str     0x0000000000039086     0x142c /tmp/cc2ZgvhR.debug.temp.o
                                      0x34dfd (size before relaxing)

.debug_frame    0x0000000000000000     0x15b0
 .debug_frame   0x0000000000000000      0xb00 /tmp/klipper.elf.wTL2v1.ltrans0.ltrans.o
 .debug_frame   0x0000000000000b00      0x6a0 /tmp/klipper.elf.wTL2v1.ltrans1.ltrans.o
 .debug_frame   0x00000000000011a0       0xc4 /tmp/klipper.elf.wTL2v1.ltrans2.ltrans.o
 .debug_frame   0x0000000000001264       0xac /opt/gcc-arm-none-eabi-9-2019-q4-major/bin/../lib/gcc/arm-none-eabi/9.2.1/thumb/v7e-m/nofp/libgcc.a(_arm_addsubdf3.o)
 .debug_frame   0x0000000000001310       0x50 /opt/gcc-arm-none-eabi-9-2019-q4-major/bin/../lib/gcc/arm-none-eabi/9.2.1/thumb/v7e-m/nofp/libgcc.a(_arm_muldivdf3.o)
 .debug_frame   0x0000000000001360       0xc4 /opt/gcc-arm-none-eabi-9-2019-q4-major/bin/../lib/gcc/arm-none-eabi/9.2.1/thumb/v7e-m/nofp/libgcc.a(_arm_cmpdf2.o)
 .debug_frame   0x0000000000001424       0x24 /opt/gcc-arm-none-eabi-9-2019-q4-major/bin/../lib/gcc/arm-none-eabi/9.2.1/thumb/v7e-m/nofp/libgcc.a(_arm_fixdfsi.o)
 .debug_frame   0x0000000000001448       0x24 /opt/gcc-arm-none-eabi-9-2019-q4-major/bin/../lib/gcc/arm-none-eabi/9.2.1/thumb/v7e-m/nofp/libgcc.a(_arm_fixunsdfsi.o)
 .debug_frame   0x000000000000146c       0x4c /opt/gcc-arm-none-eabi-9-2019-q4-major/bin/../lib/gcc/arm-none-eabi/9.2.1/thumb/v7e-m/nofp/libgcc.a(_arm_addsubsf3.o)
 .debug_frame   0x00000000000014b8       0x38 /opt/gcc-arm-none-eabi-9-2019-q4-major/bin/../lib/gcc/arm-none-eabi/9.2.1/thumb/v7e-m/nofp/libgcc.a(_arm_muldivsf3.o)
 .debug_frame   0x00000000000014f0       0x24 /opt/gcc-arm-none-eabi-9-2019-q4-major/bin/../lib/gcc/arm-none-eabi/9.2.1/thumb/v7e-m/nofp/libgcc.a(_arm_fixunssfsi.o)
 .debug_frame   0x0000000000001514       0x2c /opt/gcc-arm-none-eabi-9-2019-q4-major/bin/../lib/gcc/arm-none-eabi/9.2.1/thumb/v7e-m/nofp/libgcc.a(_fixunssfdi.o)
 .debug_frame   0x0000000000001540       0x28 /opt/gcc-arm-none-eabi-9-2019-q4-major/bin/../lib/gcc/arm-none-eabi/9.2.1/../../../../arm-none-eabi/lib/thumb/v7e-m/nofp/libg_nano.a(lib_a-memcpy-stub.o)
 .debug_frame   0x0000000000001568       0x28 /opt/gcc-arm-none-eabi-9-2019-q4-major/bin/../lib/gcc/arm-none-eabi/9.2.1/../../../../arm-none-eabi/lib/thumb/v7e-m/nofp/libg_nano.a(lib_a-memmove.o)
 .debug_frame   0x0000000000001590       0x20 /opt/gcc-arm-none-eabi-9-2019-q4-major/bin/../lib/gcc/arm-none-eabi/9.2.1/../../../../arm-none-eabi/lib/thumb/v7e-m/nofp/libg_nano.a(lib_a-memset.o)

.debug_macro    0x0000000000000000    0x10bbe
 .debug_macro   0x0000000000000000      0x14a /tmp/ccGkmlph.debug.temp.o
 .debug_macro   0x000000000000014a      0xaa2 /tmp/ccGkmlph.debug.temp.o
 .debug_macro   0x0000000000000bec       0x22 /tmp/ccGkmlph.debug.temp.o
 .debug_macro   0x0000000000000c0e       0x58 /tmp/ccGkmlph.debug.temp.o
 .debug_macro   0x0000000000000c66       0x18 /tmp/ccGkmlph.debug.temp.o
 .debug_macro   0x0000000000000c7e       0x94 /tmp/ccGkmlph.debug.temp.o
 .debug_macro   0x0000000000000d12       0x35 /tmp/ccGkmlph.debug.temp.o
 .debug_macro   0x0000000000000d47       0x34 /tmp/ccGkmlph.debug.temp.o
 .debug_macro   0x0000000000000d7b      0x7b2 /tmp/ccGkmlph.debug.temp.o
 .debug_macro   0x000000000000152d      0x174 /tmp/ccGkmlph.debug.temp.o
 .debug_macro   0x00000000000016a1       0x57 /tmp/ccGkmlph.debug.temp.o
 .debug_macro   0x00000000000016f8       0xef /tmp/ccGkmlph.debug.temp.o
 .debug_macro   0x00000000000017e7       0x6a /tmp/ccGkmlph.debug.temp.o
 .debug_macro   0x0000000000001851      0x1df /tmp/ccGkmlph.debug.temp.o
 .debug_macro   0x0000000000001a30       0x88 /tmp/ccGkmlph.debug.temp.o
 .debug_macro   0x0000000000001ab8       0x58 /tmp/ccGkmlph.debug.temp.o
 .debug_macro   0x0000000000001b10       0x34 /tmp/ccGkmlph.debug.temp.o
 .debug_macro   0x0000000000001b44       0x28 /tmp/ccGkmlph.debug.temp.o
 .debug_macro   0x0000000000001b6c       0xa0 /tmp/ccGkmlph.debug.temp.o
 .debug_macro   0x0000000000001c0c       0x22 /tmp/ccGkmlph.debug.temp.o
 .debug_macro   0x0000000000001c2e      0x19b /tmp/ccACkfHp.debug.temp.o
 .debug_macro   0x0000000000001dc9       0x58 /tmp/ccACkfHp.debug.temp.o
 .debug_macro   0x0000000000001e21       0x1f /tmp/ccACkfHp.debug.temp.o
 .debug_macro   0x0000000000001e40       0x43 /tmp/ccACkfHp.debug.temp.o
 .debug_macro   0x0000000000001e83       0x20 /tmp/ccACkfHp.debug.temp.o
 .debug_macro   0x0000000000001ea3      0x18e /tmp/ccACkfHp.debug.temp.o
 .debug_macro   0x0000000000002031      0x339 /tmp/ccACkfHp.debug.temp.o
 .debug_macro   0x000000000000236a       0x10 /tmp/ccACkfHp.debug.temp.o
 .debug_macro   0x000000000000237a       0x35 /tmp/ccACkfHp.debug.temp.o
 .debug_macro   0x00000000000023af       0x76 /tmp/ccACkfHp.debug.temp.o
 .debug_macro   0x0000000000002425      0x193 /tmp/cc8MglZx.debug.temp.o
 .debug_macro   0x00000000000025b8       0xb4 /tmp/cc2k4ChG.debug.temp.o
 .debug_macro   0x000000000000266c       0x8e /tmp/cc2k4ChG.debug.temp.o
 .debug_macro   0x00000000000026fa       0x51 /tmp/cc2k4ChG.debug.temp.o
 .debug_macro   0x000000000000274b       0xfe /tmp/ccq0J1zO.debug.temp.o
 .debug_macro   0x0000000000002849       0xaa /tmp/ccMvUxSW.debug.temp.o
 .debug_macro   0x00000000000028f3       0xd7 /tmp/ccwUkab5.debug.temp.o
 .debug_macro   0x00000000000029ca      0x10c /tmp/cc8zyTtd.debug.temp.o
 .debug_macro   0x0000000000002ad6       0xd7 /tmp/ccMm4JMl.debug.temp.o
 .debug_macro   0x0000000000002bad       0xe1 /tmp/ccmK1G5t.debug.temp.o
 .debug_macro   0x0000000000002c8e      0x3df /tmp/ccK16KoC.debug.temp.o
 .debug_macro   0x000000000000306d      0x1e1 /tmp/ccK16KoC.debug.temp.o
 .debug_macro   0x000000000000324e       0x16 /tmp/ccK16KoC.debug.temp.o
 .debug_macro   0x0000000000003264       0x16 /tmp/ccK16KoC.debug.temp.o
 .debug_macro   0x000000000000327a       0x29 /tmp/ccK16KoC.debug.temp.o
 .debug_macro   0x00000000000032a3       0x16 /tmp/ccK16KoC.debug.temp.o
 .debug_macro   0x00000000000032b9       0x1c /tmp/ccK16KoC.debug.temp.o
 .debug_macro   0x00000000000032d5       0x10 /tmp/ccK16KoC.debug.temp.o
 .debug_macro   0x00000000000032e5       0x1c /tmp/ccK16KoC.debug.temp.o
 .debug_macro   0x0000000000003301       0x52 /tmp/ccK16KoC.debug.temp.o
 .debug_macro   0x0000000000003353       0x40 /tmp/ccK16KoC.debug.temp.o
 .debug_macro   0x0000000000003393       0x10 /tmp/ccK16KoC.debug.temp.o
 .debug_macro   0x00000000000033a3       0x40 /tmp/ccK16KoC.debug.temp.o
 .debug_macro   0x00000000000033e3       0xd7 /tmp/ccK16KoC.debug.temp.o
 .debug_macro   0x00000000000034ba       0x1c /tmp/ccK16KoC.debug.temp.o
 .debug_macro   0x00000000000034d6       0x3d /tmp/ccK16KoC.debug.temp.o
 .debug_macro   0x0000000000003513       0x16 /tmp/ccK16KoC.debug.temp.o
 .debug_macro   0x0000000000003529      0x16f /tmp/ccK16KoC.debug.temp.o
 .debug_macro   0x0000000000003698       0x70 /tmp/ccK16KoC.debug.temp.o
 .debug_macro   0x0000000000003708       0x1c /tmp/ccK16KoC.debug.temp.o
 .debug_macro   0x0000000000003724       0x22 /tmp/ccK16KoC.debug.temp.o
 .debug_macro   0x0000000000003746       0xfb /tmp/ccK16KoC.debug.temp.o
 .debug_macro   0x0000000000003841     0x1011 /tmp/ccK16KoC.debug.temp.o
 .debug_macro   0x0000000000004852      0x11f /tmp/ccK16KoC.debug.temp.o
 .debug_macro   0x0000000000004971      0x11c /tmp/ccK16KoC.debug.temp.o
 .debug_macro   0x0000000000004a8d      0xab8 /tmp/ccK16KoC.debug.temp.o
 .debug_macro   0x0000000000005545      0x544 /tmp/ccK16KoC.debug.temp.o
 .debug_macro   0x0000000000005a89      0x8f0 /tmp/ccK16KoC.debug.temp.o
 .debug_macro   0x0000000000006379       0x34 /tmp/ccK16KoC.debug.temp.o
 .debug_macro   0x00000000000063ad      0x197 /tmp/ccK16KoC.debug.temp.o
 .debug_macro   0x0000000000006544      0x295 /tmp/ccK16KoC.debug.temp.o
 .debug_macro   0x00000000000067d9       0xac /tmp/ccK16KoC.debug.temp.o
 .debug_macro   0x0000000000006885      0x281 /tmp/ccK16KoC.debug.temp.o
 .debug_macro   0x0000000000006b06      0x33a /tmp/ccK16KoC.debug.temp.o
 .debug_macro   0x0000000000006e40      0x397 /tmp/ccK16KoC.debug.temp.o
 .debug_macro   0x00000000000071d7       0xac /tmp/ccK16KoC.debug.temp.o
 .debug_macro   0x0000000000007283      0x8df /tmp/ccK16KoC.debug.temp.o
 .debug_macro   0x0000000000007b62      0x2e1 /tmp/ccK16KoC.debug.temp.o
 .debug_macro   0x0000000000007e43      0x191 /tmp/ccK16KoC.debug.temp.o
 .debug_macro   0x0000000000007fd4      0x1d0 /tmp/ccK16KoC.debug.temp.o
 .debug_macro   0x00000000000081a4       0xee /tmp/ccK16KoC.debug.temp.o
 .debug_macro   0x0000000000008292      0x60c /tmp/ccK16KoC.debug.temp.o
 .debug_macro   0x000000000000889e      0x3cb /tmp/ccK16KoC.debug.temp.o
 .debug_macro   0x0000000000008c69      0x9a7 /tmp/ccK16KoC.debug.temp.o
 .debug_macro   0x0000000000009610      0x39d /tmp/ccK16KoC.debug.temp.o
 .debug_macro   0x00000000000099ad       0x70 /tmp/ccK16KoC.debug.temp.o
 .debug_macro   0x0000000000009a1d       0x70 /tmp/ccK16KoC.debug.temp.o
 .debug_macro   0x0000000000009a8d     0x1363 /tmp/ccK16KoC.debug.temp.o
 .debug_macro   0x000000000000adf0      0x574 /tmp/ccK16KoC.debug.temp.o
 .debug_macro   0x000000000000b364       0x3a /tmp/ccK16KoC.debug.temp.o
 .debug_macro   0x000000000000b39e      0x3b6 /tmp/ccoA0lIK.debug.temp.o
 .debug_macro   0x000000000000b754       0x5e /tmp/ccoA0lIK.debug.temp.o
 .debug_macro   0x000000000000b7b2      0x3b0 /tmp/cc6lns2S.debug.temp.o
 .debug_macro   0x000000000000bb62       0xcd /tmp/ccASs3m1.debug.temp.o
 .debug_macro   0x000000000000bc2f      0x196 /tmp/ccIxdLH9.debug.temp.o
 .debug_macro   0x000000000000bdc5      0x1a6 /tmp/ccMJ1D2h.debug.temp.o
 .debug_macro   0x000000000000bf6b       0x52 /tmp/ccMJ1D2h.debug.temp.o
 .debug_macro   0x000000000000bfbd       0xcd /tmp/ccwp6Hnq.debug.temp.o